    sshd-session-15489   [000] ..... 486858.061610: sys_enter: NR 135 (0, 7fecdd64e8, 7fecdd6568, 8, 10000, 0)
    sshd-session-15489   [000] ..... 486858.061612: sys_exit: NR 135 = 0
            bash-15508   [003] ..... 486858.061615: sys_exit: NR 64 = 9
    sshd-session-15489   [000] ..... 486858.061618: sys_enter: NR 73 (556914db00, 3, 0, 7fecdd6568, 8, 0)
            bash-15508   [003] ..... 486858.061619: sys_enter: NR 29 (0, 5401, 7fda985600, 7f9e46ab28, 557b9a2180, 1)
            bash-15508   [003] ..... 486858.061624: sys_exit: NR 29 = 0
    sshd-session-15489   [000] ..... 486858.061625: sys_exit: NR 73 = 2
            bash-15508   [003] ..... 486858.061626: sys_enter: NR 29 (0, 5403, 7fda9855d0, 0, 557b9a2180, 1)
    sshd-session-15489   [000] ..... 486858.061628: sys_enter: NR 135 (2, 7fecdd6568, 0, 8, 0, 0)
    sshd-session-15489   [000] ..... 486858.061629: sys_exit: NR 135 = 0
            bash-15508   [003] ..... 486858.061637: sys_exit: NR 29 = 0
            bash-15508   [003] ..... 486858.061639: sys_enter: NR 29 (0, 5401, 7fda9855d0, 20, 557b9a2180, 7f9e45b740)
            bash-15508   [003] ..... 486858.061641: sys_exit: NR 29 = 0
    sshd-session-15489   [000] ..... 486858.061643: sys_enter: NR 63 (c, 55691be0d0, 8000, 0, 0, 0)
            bash-15508   [003] ..... 486858.061645: sys_enter: NR 134 (2, 7fda985448, 7fda9854e0, 8, 7fda985590, 0)
    sshd-session-15489   [000] ..... 486858.061648: sys_exit: NR 63 = 9
            bash-15508   [003] ..... 486858.061648: sys_exit: NR 134 = 0
            bash-15508   [003] ..... 486858.061651: sys_enter: NR 134 (1, 7fda985448, 7fda9854e0, 8, 7fda985590, 0)
    sshd-session-15489   [000] ..... 486858.061652: sys_enter: NR 64 (7, 5569155cc0, 24, 0, 0, 0)
            bash-15508   [003] ..... 486858.061653: sys_exit: NR 134 = 0
            bash-15508   [003] ..... 486858.061655: sys_enter: NR 134 (e, 7fda985448, 7fda9854e0, 8, 7fda985590, 0)
            bash-15508   [003] ..... 486858.061657: sys_exit: NR 134 = 0
            bash-15508   [003] ..... 486858.061660: sys_enter: NR 134 (1c, 7fda985448, 7fda9854e0, 8, 7fda985590, 10000000)
            bash-15508   [003] ..... 486858.061661: sys_exit: NR 134 = 0
            bash-15508   [003] ..... 486858.061665: sys_enter: NR 134 (2, 7fda9853d8, 7fda985470, 8, 7fda9855c0, 0)
            bash-15508   [003] ..... 486858.061667: sys_exit: NR 134 = 0
    sshd-session-15489   [000] ..... 486858.061790: sys_exit: NR 64 = 36
            bash-15508   [003] ..... 486858.061792: sys_enter: NR 135 (0, 0, 7fda986458, 8, 0, 8)
            bash-15508   [003] ..... 486858.061795: sys_exit: NR 135 = 0
            bash-15508   [003] ..... 486858.061798: sys_enter: NR 135 (0, 7fda986358, 7fda9863d8, 8, 14002, 8)
            bash-15508   [003] ..... 486858.061800: sys_exit: NR 135 = 0
            bash-15508   [003] ..... 486858.061805: sys_enter: NR 134 (f, 7fda986078, 7fda986110, 8, 7fda986260, 0)
            bash-15508   [003] ..... 486858.061808: sys_exit: NR 134 = 0
            bash-15508   [003] ..... 486858.061811: sys_enter: NR 59 (557b990718, 0, 0, 0, 7fda986260, 0)
    sshd-session-15489   [000] ..... 486858.061814: sys_enter: NR 135 (0, 7fecdd64e8, 7fecdd6568, 8, 10000, 0)
    sshd-session-15489   [000] ..... 486858.061817: sys_exit: NR 135 = 0
    sshd-session-15489   [000] ..... 486858.061824: sys_enter: NR 73 (556914db00, 3, 0, 7fecdd6568, 8, 0)
    sshd-session-15489   [000] ..... 486858.061833: sys_exit: NR 73 = 1
    sshd-session-15489   [000] ..... 486858.061836: sys_enter: NR 135 (2, 7fecdd6568, 0, 8, 0, 0)
    sshd-session-15489   [000] ..... 486858.061837: sys_exit: NR 135 = 0
            bash-15508   [003] ..... 486858.061844: sys_exit: NR 59 = 0
            bash-15508   [003] ..... 486858.061849: sys_enter: NR 135 (0, 7f9e389fa8, 7fda9861c0, 8, 7fda986260, 0)
            bash-15508   [003] ..... 486858.061851: sys_exit: NR 135 = 0
    sshd-session-15489   [000] ..... 486858.061852: sys_enter: NR 64 (7, 5569155cc0, 2c, 0, 0, 0)
            bash-15508   [003] ..... 486858.061854: sys_enter: NR 220 (1200011, 0, 0, 0, 7f9e45b0f0, 7f9e45b740)
    sshd-session-15489   [000] ..... 486858.061980: sys_exit: NR 64 = 44
    sshd-session-15489   [000] ..... 486858.061989: sys_enter: NR 135 (0, 7fecdd64e8, 7fecdd6568, 8, 10000, 0)
    sshd-session-15489   [000] ..... 486858.061991: sys_exit: NR 135 = 0
    sshd-session-15489   [000] ..... 486858.061997: sys_enter: NR 73 (556914db00, 3, 0, 7fecdd6568, 8, 0)
            bash-15508   [003] ..... 486858.062400: sys_exit: NR 220 = 16355
            bash-15508   [003] ..... 486858.062464: sys_enter: NR 135 (2, 7fda9861c0, 0, 8, 7f9e45b0f0, 7f9e45b740)
            bash-15508   [003] ..... 486858.062467: sys_exit: NR 135 = 0
            bash-15508   [003] ..... 486858.062473: sys_enter: NR 134 (f, 7fda986078, 7fda986110, 8, 7fda986260, 0)
            bash-15508   [003] ..... 486858.062477: sys_exit: NR 134 = 0
            bash-15508   [003] ..... 486858.062490: sys_enter: NR 154 (3fe3, 3fe3, 557b9906c0, 1, 7fda986260, 0)
              ls-16355   [001] ..... 486858.062494: sys_enter: NR 99 (7f9e45b100, 18, 0, 0, 7f9e45b0f0, 7f9e45b740)
            bash-15508   [003] ..... 486858.062495: sys_exit: NR 154 = 0
              ls-16355   [001] ..... 486858.062498: sys_exit: NR 99 = 0
            bash-15508   [003] ..... 486858.062533: sys_enter: NR 135 (2, 7fda9863d8, 0, 8, 0, 0)
            bash-15508   [003] ..... 486858.062535: sys_exit: NR 135 = 0
              ls-16355   [001] ..... 486858.062579: sys_enter: NR 135 (2, 7fda9861c0, 0, 8, 7f9e45b0f0, 7f9e45b740)
              ls-16355   [001] ..... 486858.062582: sys_exit: NR 135 = 0
            bash-15508   [003] ..... 486858.062687: sys_enter: NR 135 (0, 7fda986358, 7fda9863d8, 8, 10000, 0)
            bash-15508   [003] ..... 486858.062689: sys_exit: NR 135 = 0
            bash-15508   [003] ..... 486858.062693: sys_enter: NR 57 (3, 0, 0, 0, 0, 0)
            bash-15508   [003] ..... 486858.062697: sys_exit: NR 57 = 0
              ls-16355   [001] ..... 486858.062699: sys_enter: NR 172 (100, 0, 0, 7f9e46bb98, 7f9e46bba8, 1)
            bash-15508   [003] ..... 486858.062700: sys_enter: NR 57 (4, 0, 0, 0, 0, 0)
              ls-16355   [001] ..... 486858.062701: sys_exit: NR 172 = 16355
            bash-15508   [003] ..... 486858.062702: sys_exit: NR 57 = 0
              ls-16355   [001] ..... 486858.062735: sys_enter: NR 135 (2, 557b9a0160, 0, 8, 0, 1)
              ls-16355   [001] ..... 486858.062738: sys_exit: NR 135 = 0
            bash-15508   [003] ..... 486858.062744: sys_enter: NR 29 (ff, 540f, 7fda986324, 7f9e46ab28, 0, 26350)
              ls-16355   [001] ..... 486858.062749: sys_enter: NR 134 (14, 7fda986068, 7fda986100, 8, 7fda986250, 0)
            bash-15508   [003] ..... 486858.062751: sys_exit: NR 29 = 0
              ls-16355   [001] ..... 486858.062752: sys_exit: NR 134 = 0
            bash-15508   [003] ..... 486858.062754: sys_enter: NR 135 (0, 7fda986208, 7fda986288, 8, 390000, 26350)
              ls-16355   [001] ..... 486858.062755: sys_enter: NR 134 (15, 7fda986068, 7fda986100, 8, 7fda986250, 0)
            bash-15508   [003] ..... 486858.062756: sys_exit: NR 135 = 0
              ls-16355   [001] ..... 486858.062756: sys_exit: NR 134 = 0
            bash-15508   [003] ..... 486858.062758: sys_enter: NR 29 (ff, 5410, 7fda9861fc, 0, 390000, 26350)
              ls-16355   [001] ..... 486858.062759: sys_enter: NR 134 (16, 7fda986078, 7fda986110, 8, 7fda986260, 0)
              ls-16355   [001] ..... 486858.062760: sys_exit: NR 134 = 0
            bash-15508   [003] ..... 486858.062763: sys_exit: NR 29 = 0
              ls-16355   [001] ..... 486858.062763: sys_enter: NR 154 (3fe3, 3fe3, 0, 0, 7fda986260, 0)
            bash-15508   [003] ..... 486858.062765: sys_enter: NR 135 (2, 7fda986288, 0, 8, 10000, 26350)
              ls-16355   [001] ..... 486858.062767: sys_exit: NR 154 = 0
            bash-15508   [003] ..... 486858.062767: sys_exit: NR 135 = 0
            bash-15508   [003] ..... 486858.062769: sys_enter: NR 135 (2, 7fda9863d8, 0, 8, 0, 26350)
              ls-16355   [001] ..... 486858.062770: sys_enter: NR 135 (0, 7fda9861f8, 7fda986278, 8, 390000, 0)
            bash-15508   [003] ..... 486858.062771: sys_exit: NR 135 = 0
              ls-16355   [001] ..... 486858.062771: sys_exit: NR 135 = 0
            bash-15508   [003] ..... 486858.062774: sys_enter: NR 135 (0, 7fda986458, 7fda9864d8, 8, 10000, 26350)
            bash-15508   [003] ..... 486858.062776: sys_exit: NR 135 = 0
            bash-15508   [003] ..... 486858.062783: sys_enter: NR 260 (ffffffffffffffff, 7fda9863d0, a, 0, 0, 0)
              ls-16355   [001] ..... 486858.062790: sys_enter: NR 29 (ff, 5410, 7fda9861ec, 0, 390000, 0)
              ls-16355   [001] ..... 486858.062795: sys_exit: NR 29 = 0
              ls-16355   [001] ..... 486858.062801: sys_enter: NR 135 (2, 7fda986278, 0, 8, 0, 0)
              ls-16355   [001] ..... 486858.062803: sys_exit: NR 135 = 0
              ls-16355   [001] ..... 486858.062809: sys_enter: NR 57 (4, 0, 0, 0, 0, 0)
              ls-16355   [001] ..... 486858.062822: sys_exit: NR 57 = 0
              ls-16355   [001] ..... 486858.062825: sys_enter: NR 63 (3, 7fda986357, 1, 0, 0, 0)
              ls-16355   [001] ..... 486858.062831: sys_exit: NR 63 = 0
              ls-16355   [001] ..... 486858.062850: sys_enter: NR 57 (3, 0, 0, 0, 0, 0)
              ls-16355   [001] ..... 486858.062873: sys_exit: NR 57 = 0
              ls-16355   [001] ..... 486858.062877: sys_enter: NR 134 (1, 7fda986328, 0, 8, 0, 0)
              ls-16355   [001] ..... 486858.062879: sys_exit: NR 134 = 0
              ls-16355   [001] ..... 486858.062882: sys_enter: NR 134 (4, 7fda986328, 0, 8, 0, 0)
              ls-16355   [001] ..... 486858.062884: sys_exit: NR 134 = 0
              ls-16355   [001] ..... 486858.062886: sys_enter: NR 134 (5, 7fda986328, 0, 8, 0, 0)
              ls-16355   [001] ..... 486858.062888: sys_exit: NR 134 = 0
              ls-16355   [001] ..... 486858.062890: sys_enter: NR 135 (0, 7f9e389fa8, 7fda986430, 8, 5, 0)
              ls-16355   [001] ..... 486858.062910: sys_exit: NR 135 = 0
              ls-16355   [001] ..... 486858.062913: sys_enter: NR 134 (6, 7fda9862e8, 0, 8, 0, 0)
              ls-16355   [001] ..... 486858.062917: sys_exit: NR 134 = 0
              ls-16355   [001] ..... 486858.062920: sys_enter: NR 135 (2, 7fda986430, 0, 8, 0, 0)
              ls-16355   [001] ..... 486858.062921: sys_exit: NR 135 = 0
              ls-16355   [001] ..... 486858.062924: sys_enter: NR 134 (8, 7fda986328, 0, 8, 0, 0)
              ls-16355   [001] ..... 486858.062925: sys_exit: NR 134 = 0
              ls-16355   [001] ..... 486858.062928: sys_enter: NR 134 (7, 7fda986328, 0, 8, 0, 0)
              ls-16355   [001] ..... 486858.062929: sys_exit: NR 134 = 0
              ls-16355   [001] ..... 486858.062932: sys_enter: NR 134 (b, 7fda986328, 0, 8, 0, 0)
              ls-16355   [001] ..... 486858.062933: sys_exit: NR 134 = 0
              ls-16355   [001] ..... 486858.062936: sys_enter: NR 134 (1f, 7fda986328, 0, 8, 0, 0)
              ls-16355   [001] ..... 486858.062937: sys_exit: NR 134 = 0
              ls-16355   [001] ..... 486858.062940: sys_enter: NR 134 (d, 7fda986328, 0, 8, 0, 0)
              ls-16355   [001] ..... 486858.062941: sys_exit: NR 134 = 0
              ls-16355   [001] ..... 486858.062944: sys_enter: NR 134 (e, 7fda986328, 0, 8, 0, 0)
              ls-16355   [001] ..... 486858.062945: sys_exit: NR 134 = 0
              ls-16355   [001] ..... 486858.062948: sys_enter: NR 134 (18, 7fda986328, 0, 8, 0, 0)
              ls-16355   [001] ..... 486858.062949: sys_exit: NR 134 = 0
              ls-16355   [001] ..... 486858.062952: sys_enter: NR 134 (19, 7fda986328, 0, 8, 0, 0)
              ls-16355   [001] ..... 486858.062953: sys_exit: NR 134 = 0
              ls-16355   [001] ..... 486858.062956: sys_enter: NR 134 (1a, 7fda986328, 0, 8, 0, 0)
              ls-16355   [001] ..... 486858.062957: sys_exit: NR 134 = 0
              ls-16355   [001] ..... 486858.062960: sys_enter: NR 134 (a, 7fda986328, 0, 8, 0, 0)
              ls-16355   [001] ..... 486858.062961: sys_exit: NR 134 = 0
              ls-16355   [001] ..... 486858.062964: sys_enter: NR 134 (c, 7fda986328, 0, 8, 0, 0)
              ls-16355   [001] ..... 486858.062965: sys_exit: NR 134 = 0
              ls-16355   [001] ..... 486858.062973: sys_enter: NR 134 (2, 7fda986228, 7fda9862c0, 8, 7fda986410, 0)
              ls-16355   [001] ..... 486858.062975: sys_exit: NR 134 = 0
              ls-16355   [001] ..... 486858.062978: sys_enter: NR 134 (3, 7fda986228, 7fda9862c0, 8, 7fda986410, 0)
              ls-16355   [001] ..... 486858.062980: sys_exit: NR 134 = 0
              ls-16355   [001] ..... 486858.062983: sys_enter: NR 134 (f, 7fda986228, 7fda9862c0, 8, 7fda986410, 0)
              ls-16355   [001] ..... 486858.062984: sys_exit: NR 134 = 0
              ls-16355   [001] ..... 486858.062987: sys_enter: NR 134 (11, 7fda986228, 7fda9862c0, 8, 7fda986410, 10000000)
              ls-16355   [001] ..... 486858.062989: sys_exit: NR 134 = 0
              ls-16355   [001] ..... 486858.063089: sys_enter: NR 221 (55b313af50, 55b315cfc0, 55b313baa0, 7f9e46ab28, 0, 10000000)
              ls-16355   [001] ..... 486858.064114: sys_exit: NR 221 = 0
              ls-16355   [001] ..... 486858.064221: sys_enter: NR 214 (0, 0, 0, 7f8f8309b8, 0, 1d)
              ls-16355   [001] ..... 486858.064224: sys_exit: NR 214 = 367328796672
              ls-16355   [001] ..... 486858.064310: sys_enter: NR 222 (0, 2000, 3, 22, ffffffffffffffff, 0)
              ls-16355   [001] ..... 486858.064366: sys_exit: NR 222 = 547868549120
              ls-16355   [001] ..... 486858.064386: sys_enter: NR 48 (ffffffffffffff9c, 7f8f815410, 4, 3e898, 6474e552, 38)
              ls-16355   [001] ..... 486858.064402: sys_exit: NR 48 = -2
              ls-16355   [001] ..... 486858.064420: sys_enter: NR 56 (ffffffffffffff9c, 7f8f813178, 80000, 0, 0, 55590c164e)
              ls-16355   [001] ..... 486858.064438: sys_exit: NR 56 = 3
              ls-16355   [001] ..... 486858.064441: sys_enter: NR 80 (3, 7fe9fdcf70, 80000, 0, 0, 55590c164e)
              ls-16355   [001] ..... 486858.064448: sys_exit: NR 80 = 0
              ls-16355   [001] ..... 486858.064451: sys_enter: NR 222 (0, 5568, 1, 2, 3, 0)
              ls-16355   [001] ..... 486858.064500: sys_exit: NR 222 = 547868524544
              ls-16355   [001] ..... 486858.064504: sys_enter: NR 57 (3, 5568, 1, 2, 3, 0)
              ls-16355   [001] ..... 486858.064506: sys_exit: NR 57 = 0
              ls-16355   [001] ..... 486858.064528: sys_enter: NR 56 (ffffffffffffff9c, 7f8f82a140, 80000, 0, 0, 0)
              ls-16355   [001] ..... 486858.064547: sys_exit: NR 56 = 3
              ls-16355   [001] ..... 486858.064550: sys_enter: NR 63 (3, 7fe9fdd130, 340, 0, 0, 0)
              ls-16355   [001] ..... 486858.064560: sys_exit: NR 63 = 832
              ls-16355   [001] ..... 486858.064564: sys_enter: NR 80 (3, 7fe9fdcfb0, 3, 7fe9fdd128, 7f8f82a140, 7f8f833370)
              ls-16355   [001] ..... 486858.064567: sys_exit: NR 80 = 0
              ls-16355   [001] ..... 486858.064574: sys_enter: NR 222 (0, 62638, 0, 822, ffffffffffffffff, 0)
              ls-16355   [001] ..... 486858.064602: sys_exit: NR 222 = 547867914240
              ls-16355   [001] ..... 486858.064605: sys_enter: NR 222 (7f8f790000, 52638, 5, 812, 3, 0)
              ls-16355   [001] ..... 486858.064654: sys_exit: NR 222 = 547867918336
              ls-16355   [001] ..... 486858.064658: sys_enter: NR 215 (7f8f78f000, 1000, 7f8f790000, 7f8f7e2638, 3, 0)
              ls-16355   [001] ..... 486858.064672: sys_exit: NR 215 = 0
              ls-16355   [001] ..... 486858.064674: sys_enter: NR 215 (7f8f7e3000, e638, 7f8f790000, 7f8f7e2638, 7f8f7f1638, 0)
              ls-16355   [001] ..... 486858.064682: sys_exit: NR 215 = 0
              ls-16355   [001] ..... 486858.064685: sys_enter: NR 226 (7f8f7c1000, 1e000, 0, 7f8f7e2638, 7f8f7f1638, 0)
              ls-16355   [001] ..... 486858.064710: sys_exit: NR 226 = 0
              ls-16355   [001] ..... 486858.064713: sys_enter: NR 222 (7f8f7df000, 2000, 3, 812, 3, 3f000)
              ls-16355   [001] ..... 486858.064747: sys_exit: NR 222 = 547868241920
              ls-16355   [001] ..... 486858.064769: sys_enter: NR 222 (7f8f7e1000, 1638, 3, 32, ffffffffffffffff, 0)
              ls-16355   [001] ..... 486858.064800: sys_exit: NR 222 = 547868250112
              ls-16355   [001] ..... 486858.064841: sys_enter: NR 57 (3, 3, 1, 6474e553, 7f8f790040, 8)
              ls-16355   [001] ..... 486858.064844: sys_exit: NR 57 = 0
              ls-16355   [001] ..... 486858.064858: sys_enter: NR 56 (ffffffffffffff9c, 7f8f82a690, 80000, 0, 0, 0)
              ls-16355   [001] ..... 486858.064879: sys_exit: NR 56 = 3
              ls-16355   [001] ..... 486858.064881: sys_enter: NR 63 (3, 7fe9fdd110, 340, 0, 0, 0)
              ls-16355   [001] ..... 486858.064888: sys_exit: NR 63 = 832
              ls-16355   [001] ..... 486858.064891: sys_enter: NR 80 (3, 7fe9fdcf90, 3, 7fe9fdd108, 7f8f82a690, 7f8f833370)
              ls-16355   [001] ..... 486858.064895: sys_exit: NR 80 = 0
              ls-16355   [001] ..... 486858.064900: sys_enter: NR 222 (0, 30060, 0, 822, ffffffffffffffff, 0)
              ls-16355   [001] ..... 486858.064929: sys_exit: NR 222 = 547867717632
              ls-16355   [001] ..... 486858.064932: sys_enter: NR 222 (7f8f760000, 20060, 5, 812, 3, 0)
              ls-16355   [001] ..... 486858.064989: sys_exit: NR 222 = 547867721728
              ls-16355   [001] ..... 486858.064993: sys_enter: NR 215 (7f8f75f000, 1000, 7f8f760000, 7f8f780060, 3, 0)
              ls-16355   [001] ..... 486858.065004: sys_exit: NR 215 = 0
              ls-16355   [001] ..... 486858.065007: sys_enter: NR 215 (7f8f781000, e060, 7f8f760000, 7f8f780060, 7f8f78f060, 0)
              ls-16355   [001] ..... 486858.065014: sys_exit: NR 215 = 0
              ls-16355   [001] ..... 486858.065019: sys_enter: NR 226 (7f8f76a000, 15000, 0, 7f8f780060, 7f8f78f060, 0)
              ls-16355   [001] ..... 486858.065040: sys_exit: NR 226 = 0
              ls-16355   [001] ..... 486858.065043: sys_enter: NR 222 (7f8f77f000, 2000, 3, 812, 3, f000)
              ls-16355   [001] ..... 486858.065072: sys_exit: NR 222 = 547867848704
              ls-16355   [001] ..... 486858.065121: sys_enter: NR 57 (3, 3, 6, 6474e553, 7f8f760040, 8)
              ls-16355   [001] ..... 486858.065124: sys_exit: NR 57 = 0
              ls-16355   [001] ..... 486858.065134: sys_enter: NR 56 (ffffffffffffff9c, 7f8f82abe0, 80000, 0, 0, 0)
              ls-16355   [001] ..... 486858.065152: sys_exit: NR 56 = 3
              ls-16355   [001] ..... 486858.065155: sys_enter: NR 63 (3, 7fe9fdd0f0, 340, 0, 0, 0)
              ls-16355   [001] ..... 486858.065161: sys_exit: NR 63 = 832
              ls-16355   [001] ..... 486858.065164: sys_enter: NR 80 (3, 7fe9fdcf70, 3, 7fe9fdd0e8, 7f8f82abe0, 7f8f833370)
              ls-16355   [001] ..... 486858.065168: sys_exit: NR 80 = 0
              ls-16355   [001] ..... 486858.065181: sys_enter: NR 222 (0, 1ce030, 0, 822, ffffffffffffffff, 0)
              ls-16355   [001] ..... 486858.065210: sys_exit: NR 222 = 547865825280
              ls-16355   [001] ..... 486858.065213: sys_enter: NR 222 (7f8f5a0000, 1be030, 5, 812, 3, 0)
              ls-16355   [001] ..... 486858.065256: sys_exit: NR 222 = 547865886720
              ls-16355   [001] ..... 486858.065259: sys_enter: NR 215 (7f8f591000, f000, 7f8f5a0000, 7f8f75e030, 3, 0)
              ls-16355   [001] ..... 486858.065270: sys_exit: NR 215 = 0
              ls-16355   [001] ..... 486858.065273: sys_enter: NR 215 (7f8f75f000, 30, 7f8f5a0000, 7f8f75e030, 7f8f75f030, 0)
              ls-16355   [001] ..... 486858.065280: sys_exit: NR 215 = 0
              ls-16355   [001] ..... 486858.065283: sys_enter: NR 226 (7f8f73e000, f000, 0, 7f8f75e030, 7f8f75f030, 0)
              ls-16355   [001] ..... 486858.065300: sys_exit: NR 226 = 0
              ls-16355   [001] ..... 486858.065303: sys_enter: NR 222 (7f8f74d000, 5000, 3, 812, 3, 1ad000)
              ls-16355   [001] ..... 486858.065336: sys_exit: NR 222 = 547867643904
              ls-16355   [001] ..... 486858.065359: sys_enter: NR 222 (7f8f752000, c030, 3, 32, ffffffffffffffff, 0)
              ls-16355   [001] ..... 486858.065389: sys_exit: NR 222 = 547867664384
              ls-16355   [001] ..... 486858.065436: sys_enter: NR 57 (3, 3, 6, 6474e553, 7f8f5a0040, 8)
              ls-16355   [001] ..... 486858.065438: sys_exit: NR 57 = 0
 systemd-journal-286     [002] ..... 486858.065545: sys_exit: NR 22 = 1
              ls-16355   [001] ..... 486858.065567: sys_enter: NR 56 (ffffffffffffff9c, 7f8f82b130, 80000, 0, 0, 0)
              ls-16355   [001] ..... 486858.065591: sys_exit: NR 56 = 3
              ls-16355   [001] ..... 486858.065594: sys_enter: NR 63 (3, 7fe9fdd0b0, 340, 0, 0, 0)
 systemd-journal-286     [002] ..... 486858.065600: sys_enter: NR 63 (8, 7ff7676260, 2000, 0, 0, 0)
              ls-16355   [001] ..... 486858.065602: sys_exit: NR 63 = 832
              ls-16355   [001] ..... 486858.065605: sys_enter: NR 80 (3, 7fe9fdcf30, 3, 7fe9fdd0a8, 7f8f82b130, 7f8f82a170)
              ls-16355   [001] ..... 486858.065608: sys_exit: NR 80 = 0
              ls-16355   [001] ..... 486858.065613: sys_enter: NR 222 (0, c0288, 0, 822, ffffffffffffffff, 0)
 systemd-journal-286     [002] ..... 486858.065618: sys_exit: NR 63 = 50
              ls-16355   [001] ..... 486858.065663: sys_exit: NR 222 = 547865096192
              ls-16355   [001] ..... 486858.065666: sys_enter: NR 222 (7f8f4e0000, b0288, 5, 812, 3, 0)
              ls-16355   [001] ..... 486858.065716: sys_exit: NR 222 = 547865100288
              ls-16355   [001] ..... 486858.065719: sys_enter: NR 215 (7f8f4df000, 1000, 7f8f4e0000, 7f8f590288, 3, 0)
              ls-16355   [001] ..... 486858.065731: sys_exit: NR 215 = 0
              ls-16355   [001] ..... 486858.065734: sys_enter: NR 215 (7f8f591000, e288, 7f8f4e0000, 7f8f590288, 7f8f59f288, 0)
              ls-16355   [001] ..... 486858.065741: sys_exit: NR 215 = 0
              ls-16355   [001] ..... 486858.065744: sys_enter: NR 226 (7f8f576000, 19000, 0, 7f8f590288, 7f8f59f288, 0)
              ls-16355   [001] ..... 486858.065764: sys_exit: NR 226 = 0
              ls-16355   [001] ..... 486858.065767: sys_enter: NR 222 (7f8f58f000, 2000, 3, 812, 3, 9f000)
 systemd-journal-286     [002] ..... 486858.065784: sys_enter: NR 178 (7f92898db0, 6e5cbdfa255d2a0, 7f928646a0, 0, 431bde82d7b634db, 69005488)
 systemd-journal-286     [002] ..... 486858.065787: sys_exit: NR 178 = 286
 systemd-journal-286     [002] ..... 486858.065794: sys_enter: NR 86 (f, 1, 7ff76782e0, 0, 3e8, 69005488)
              ls-16355   [001] ..... 486858.065796: sys_exit: NR 222 = 547865817088
 systemd-journal-286     [002] ..... 486858.065807: sys_exit: NR 86 = 0
 systemd-journal-286     [002] ..... 486858.065814: sys_enter: NR 22 (7, 5587952a70, 42, ffffffffffffffff, 0, 8)
 systemd-journal-286     [002] ..... 486858.065821: sys_exit: NR 22 = 1
 systemd-journal-286     [002] ..... 486858.065833: sys_enter: NR 63 (8, 7ff7676260, 2000, 0, 0, 0)
 systemd-journal-286     [002] ..... 486858.065842: sys_exit: NR 63 = 50
              ls-16355   [001] ..... 486858.065857: sys_enter: NR 57 (3, 3, 1, 6474e553, 7f8f4e0040, 8)
              ls-16355   [001] ..... 486858.065859: sys_exit: NR 57 = 0
 systemd-journal-286     [002] ..... 486858.065909: sys_enter: NR 178 (7f92898db0, 6e5cbdfa255d2a0, 7f928646a0, 0, 431bde82d7b634db, 69005488)
 systemd-journal-286     [002] ..... 486858.065911: sys_exit: NR 178 = 286
 systemd-journal-286     [002] ..... 486858.065916: sys_enter: NR 22 (7, 5587952a70, 42, ffffffffffffffff, 0, 8)
 systemd-journal-286     [002] ..... 486858.065920: sys_exit: NR 22 = 1
              ls-16355   [001] ..... 486858.065930: sys_enter: NR 222 (0, 2000, 3, 22, ffffffffffffffff, 0)
 systemd-journal-286     [002] ..... 486858.065932: sys_enter: NR 63 (8, 7ff7676260, 2000, 0, 0, 0)
 systemd-journal-286     [002] ..... 486858.065939: sys_exit: NR 63 = 50
              ls-16355   [001] ..... 486858.065960: sys_exit: NR 222 = 547868516352
              ls-16355   [001] ..... 486858.065985: sys_enter: NR 96 (7f8f822530, 7f8f832000, 7f8f822520, 7f8f832ba8, 7f8f822580, 4)
              ls-16355   [001] ..... 486858.065987: sys_exit: NR 96 = 16355
              ls-16355   [001] ..... 486858.065990: sys_enter: NR 99 (7f8f822540, 18, 7f8f822540, 1, 0, 7f8f822570)
              ls-16355   [001] ..... 486858.065991: sys_exit: NR 99 = 0
              ls-16355   [001] ..... 486858.065994: sys_enter: NR 293 (7f8f822d20, 20, 0, d428bc00, 7f8f822d40, ffffffff)
              ls-16355   [001] ..... 486858.065997: sys_exit: NR 293 = 0
 systemd-journal-286     [002] ..... 486858.065999: sys_enter: NR 178 (7f92898db0, 6e5cbdfa255d2a0, 7f928646a0, 0, 431bde82d7b634db, 69005488)
 systemd-journal-286     [002] ..... 486858.066001: sys_exit: NR 178 = 286
 systemd-journal-286     [002] ..... 486858.066005: sys_enter: NR 22 (7, 5587952a70, 42, ffffffffffffffff, 0, 8)
 systemd-journal-286     [002] ..... 486858.066009: sys_exit: NR 22 = 1
 systemd-journal-286     [002] ..... 486858.066021: sys_enter: NR 63 (8, 7ff7676260, 2000, 0, 0, 0)
 systemd-journal-286     [002] ..... 486858.066028: sys_exit: NR 63 = 50
 systemd-journal-286     [002] ..... 486858.066114: sys_enter: NR 178 (7f92898db0, 6e5cbdfa255d2a0, 7f928646a0, 0, 431bde82d7b634db, 69005488)
 systemd-journal-286     [002] ..... 486858.066116: sys_exit: NR 178 = 286
 systemd-journal-286     [002] ..... 486858.066121: sys_enter: NR 22 (7, 5587952a70, 42, ffffffffffffffff, 0, 8)
 systemd-journal-286     [002] ..... 486858.066125: sys_exit: NR 22 = 1
 systemd-journal-286     [002] ..... 486858.066137: sys_enter: NR 63 (8, 7ff7676260, 2000, 0, 0, 0)
 systemd-journal-286     [002] ..... 486858.066145: sys_exit: NR 63 = 50
              ls-16355   [001] ..... 486858.066191: sys_enter: NR 226 (7f8f74d000, 3000, 1, 1ad070, 1, 7fe9fddb20)
 systemd-journal-286     [002] ..... 486858.066204: sys_enter: NR 178 (7f92898db0, 6e5cbdfa255d2a0, 7f928646a0, 0, 431bde82d7b634db, 69005488)
 systemd-journal-286     [002] ..... 486858.066206: sys_exit: NR 178 = 286
 systemd-journal-286     [002] ..... 486858.066210: sys_enter: NR 22 (7, 5587952a70, 42, ffffffffffffffff, 0, 8)
 systemd-journal-286     [002] ..... 486858.066214: sys_exit: NR 22 = 1
              ls-16355   [001] ..... 486858.066217: sys_exit: NR 226 = 0
 systemd-journal-286     [002] ..... 486858.066226: sys_enter: NR 63 (8, 7ff7676260, 2000, 0, 0, 0)
              ls-16355   [001] ..... 486858.066233: sys_enter: NR 226 (7f8f58f000, 1000, 1, afb50, 1, 7fe9fddb20)
 systemd-journal-286     [002] ..... 486858.066234: sys_exit: NR 63 = 50
              ls-16355   [001] ..... 486858.066247: sys_exit: NR 226 = 0
 systemd-journal-286     [002] ..... 486858.066291: sys_enter: NR 178 (7f92898db0, 6e5cbdfa255d2a0, 7f928646a0, 0, 431bde82d7b634db, 69005488)
 systemd-journal-286     [002] ..... 486858.066293: sys_exit: NR 178 = 286
 systemd-journal-286     [002] ..... 486858.066298: sys_enter: NR 22 (7, 5587952a70, 42, ffffffffffffffff, 0, 8)
 systemd-journal-286     [002] ..... 486858.066302: sys_exit: NR 22 = 1
 systemd-journal-286     [002] ..... 486858.066313: sys_enter: NR 63 (8, 7ff7676260, 2000, 0, 0, 0)
 systemd-journal-286     [002] ..... 486858.066320: sys_exit: NR 63 = 50
              ls-16355   [001] ..... 486858.066333: sys_enter: NR 226 (7f8f77f000, 1000, 1, 1f628, 1, 7fe9fddb20)
              ls-16355   [001] ..... 486858.066349: sys_exit: NR 226 = 0
 systemd-journal-286     [002] ..... 486858.066379: sys_enter: NR 178 (7f92898db0, 6e5cbdfa255d2a0, 7f928646a0, 0, 431bde82d7b634db, 69005488)
 systemd-journal-286     [002] ..... 486858.066381: sys_exit: NR 178 = 286
 systemd-journal-286     [002] ..... 486858.066385: sys_enter: NR 22 (7, 5587952a70, 42, ffffffffffffffff, 0, 8)
 systemd-journal-286     [002] ..... 486858.066389: sys_exit: NR 22 = 1
 systemd-journal-286     [002] ..... 486858.066401: sys_enter: NR 63 (8, 7ff7676260, 2000, 0, 0, 0)
 systemd-journal-286     [002] ..... 486858.066408: sys_exit: NR 63 = 50
 systemd-journal-286     [002] ..... 486858.066466: sys_enter: NR 178 (7f92898db0, 6e5cbdfa255d2a0, 7f928646a0, 0, 431bde82d7b634db, 69005488)
 systemd-journal-286     [002] ..... 486858.066468: sys_exit: NR 178 = 286
 systemd-journal-286     [002] ..... 486858.066472: sys_enter: NR 22 (7, 5587952a70, 42, ffffffffffffffff, 0, 8)
 systemd-journal-286     [002] ..... 486858.066477: sys_exit: NR 22 = 1
 systemd-journal-286     [002] ..... 486858.066488: sys_enter: NR 63 (8, 7ff7676260, 2000, 0, 0, 0)
 systemd-journal-286     [002] ..... 486858.066495: sys_exit: NR 63 = 50
 systemd-journal-286     [002] ..... 486858.066552: sys_enter: NR 178 (7f92898db0, 6e5cbdfa255d2a0, 7f928646a0, 0, 431bde82d7b634db, 69005488)
 systemd-journal-286     [002] ..... 486858.066553: sys_exit: NR 178 = 286
 systemd-journal-286     [002] ..... 486858.066558: sys_enter: NR 22 (7, 5587952a70, 42, ffffffffffffffff, 0, 8)
 systemd-journal-286     [002] ..... 486858.066562: sys_exit: NR 22 = 1
 systemd-journal-286     [002] ..... 486858.066573: sys_enter: NR 63 (8, 7ff7676260, 2000, 0, 0, 0)
 systemd-journal-286     [002] ..... 486858.066580: sys_exit: NR 63 = 50
              ls-16355   [001] ..... 486858.066601: sys_enter: NR 226 (7f8f7df000, 1000, 1, 4f428, 1, 7fe9fddb20)
              ls-16355   [001] ..... 486858.066631: sys_exit: NR 226 = 0
 systemd-journal-286     [002] ..... 486858.066638: sys_enter: NR 178 (7f92898db0, 6e5cbdfa255d2a0, 7f928646a0, 0, 431bde82d7b634db, 69005488)
 systemd-journal-286     [002] ..... 486858.066640: sys_exit: NR 178 = 286
 systemd-journal-286     [002] ..... 486858.066644: sys_enter: NR 22 (7, 5587952a70, 42, ffffffffffffffff, 0, 8)
 systemd-journal-286     [002] ..... 486858.066649: sys_exit: NR 22 = 1
 systemd-journal-286     [002] ..... 486858.066663: sys_enter: NR 63 (8, 7ff7676260, 2000, 0, 0, 0)
 systemd-journal-286     [002] ..... 486858.066670: sys_exit: NR 63 = 50
 systemd-journal-286     [002] ..... 486858.066729: sys_enter: NR 178 (7f92898db0, 6e5cbdfa255d2a0, 7f928646a0, 0, 431bde82d7b634db, 69005488)
 systemd-journal-286     [002] ..... 486858.066731: sys_exit: NR 178 = 286
 systemd-journal-286     [002] ..... 486858.066735: sys_enter: NR 22 (7, 5587952a70, 42, ffffffffffffffff, 0, 8)
 systemd-journal-286     [002] ..... 486858.066739: sys_exit: NR 22 = 1
 systemd-journal-286     [002] ..... 486858.066750: sys_enter: NR 63 (8, 7ff7676260, 2000, 0, 0, 0)
 systemd-journal-286     [002] ..... 486858.066758: sys_exit: NR 63 = 50
              ls-16355   [001] ..... 486858.066783: sys_enter: NR 226 (55590fe000, 2000, 1, 3ef20, 1, 7fe9fddb20)
              ls-16355   [001] ..... 486858.066799: sys_exit: NR 226 = 0
 systemd-journal-286     [002] ..... 486858.066815: sys_enter: NR 178 (7f92898db0, 6e5cbdfa255d2a0, 7f928646a0, 0, 431bde82d7b634db, 69005488)
 systemd-journal-286     [002] ..... 486858.066816: sys_exit: NR 178 = 286
              ls-16355   [001] ..... 486858.066820: sys_enter: NR 226 (7f8f830000, 2000, 1, 3e898, 3, 6)
 systemd-journal-286     [002] ..... 486858.066821: sys_enter: NR 22 (7, 5587952a70, 42, ffffffffffffffff, 0, 8)
 systemd-journal-286     [002] ..... 486858.066825: sys_exit: NR 22 = 1
              ls-16355   [001] ..... 486858.066834: sys_exit: NR 226 = 0
 systemd-journal-286     [002] ..... 486858.066836: sys_enter: NR 63 (8, 7ff7676260, 2000, 0, 0, 0)
 systemd-journal-286     [002] ..... 486858.066843: sys_exit: NR 63 = 50
              ls-16355   [001] ..... 486858.066893: sys_enter: NR 261 (0, 3, 0, 7fe9fddb28, 7f8f6eb240, 118)
              ls-16355   [001] ..... 486858.066898: sys_exit: NR 261 = 0
 systemd-journal-286     [002] ..... 486858.066901: sys_enter: NR 178 (7f92898db0, 6e5cbdfa255d2a0, 7f928646a0, 0, 431bde82d7b634db, 69005488)
 systemd-journal-286     [002] ..... 486858.066903: sys_exit: NR 178 = 286
 systemd-journal-286     [002] ..... 486858.066908: sys_enter: NR 22 (7, 5587952a70, 42, ffffffffffffffff, 0, 8)
 systemd-journal-286     [002] ..... 486858.066912: sys_exit: NR 22 = 1
 systemd-journal-286     [002] ..... 486858.066922: sys_enter: NR 63 (8, 7ff7676260, 2000, 0, 0, 0)
 systemd-journal-286     [002] ..... 486858.066929: sys_exit: NR 63 = 50
              ls-16355   [001] ..... 486858.066972: sys_enter: NR 215 (7f8f824000, 5568, 7f8f832000, 0, 0, 7f8f82e800)
 systemd-journal-286     [002] ..... 486858.066986: sys_enter: NR 178 (7f92898db0, 6e5cbdfa255d2a0, 7f928646a0, 0, 431bde82d7b634db, 69005488)
 systemd-journal-286     [002] ..... 486858.066988: sys_exit: NR 178 = 286
 systemd-journal-286     [002] ..... 486858.066992: sys_enter: NR 22 (7, 5587952a70, 42, ffffffffffffffff, 0, 8)
 systemd-journal-286     [002] ..... 486858.066996: sys_exit: NR 22 = 1
 systemd-journal-286     [002] ..... 486858.067007: sys_enter: NR 63 (8, 7ff7676260, 2000, 0, 0, 0)
              ls-16355   [001] ..... 486858.067007: sys_exit: NR 215 = 0
 systemd-journal-286     [002] ..... 486858.067014: sys_exit: NR 63 = 50
              ls-16355   [001] ..... 486858.067030: sys_enter: NR 167 (17, 20, 0, 7f8f762e40, 2908, bfff)
              ls-16355   [001] ..... 486858.067034: sys_exit: NR 167 = 1
              ls-16355   [001] ..... 486858.067036: sys_enter: NR 167 (17, 30, 0, 7f8f762e40, 2908, bfff)
              ls-16355   [001] ..... 486858.067037: sys_exit: NR 167 = -22
              ls-16355   [001] ..... 486858.067040: sys_enter: NR 167 (17, 28, 0, 7f8f822b80, 2908, bfff)
              ls-16355   [001] ..... 486858.067041: sys_exit: NR 167 = 1
              ls-16355   [001] ..... 486858.067044: sys_enter: NR 167 (17, 2c, 0, 7f8f822b80, 2908, bfff)
              ls-16355   [001] ..... 486858.067045: sys_exit: NR 167 = -22
              ls-16355   [001] ..... 486858.067047: sys_enter: NR 167 (17, 2a, 0, 7f8f822b80, 2908, bfff)
              ls-16355   [001] ..... 486858.067049: sys_exit: NR 167 = -22
              ls-16355   [001] ..... 486858.067051: sys_enter: NR 167 (17, 29, 0, 7f8f822b80, 2908, bfff)
              ls-16355   [001] ..... 486858.067052: sys_exit: NR 167 = -22
 systemd-journal-286     [002] ..... 486858.067073: sys_enter: NR 178 (7f92898db0, 6e5cbdfa255d2a0, 7f928646a0, 0, 431bde82d7b634db, 69005488)
 systemd-journal-286     [002] ..... 486858.067075: sys_exit: NR 178 = 286
 systemd-journal-286     [002] ..... 486858.067079: sys_enter: NR 22 (7, 5587952a70, 42, ffffffffffffffff, 0, 8)
 systemd-journal-286     [002] ..... 486858.067083: sys_exit: NR 22 = 1
 systemd-journal-286     [002] ..... 486858.067093: sys_enter: NR 63 (8, 7ff7676260, 2000, 0, 0, 0)
              ls-16355   [001] ..... 486858.067094: sys_enter: NR 43 (7f8f7b7a48, 7fe9fdde20, 0, 0, 6b90, bfff)
 systemd-journal-286     [002] ..... 486858.067101: sys_exit: NR 63 = 50
              ls-16355   [001] ..... 486858.067145: sys_exit: NR 43 = -2
              ls-16355   [001] ..... 486858.067148: sys_enter: NR 43 (7f8f7b7a58, 7fe9fdde20, 0, 2, 6b90, bfff)
              ls-16355   [001] ..... 486858.067152: sys_exit: NR 43 = -2
 systemd-journal-286     [002] ..... 486858.067176: sys_enter: NR 178 (7f92898db0, 6e5cbdfa255d2a0, 7f928646a0, 0, 431bde82d7b634db, 69005488)
 systemd-journal-286     [002] ..... 486858.067178: sys_exit: NR 178 = 286
 systemd-journal-286     [002] ..... 486858.067183: sys_enter: NR 22 (7, 5587952a70, 42, ffffffffffffffff, 0, 8)
              ls-16355   [001] ..... 486858.067186: sys_enter: NR 278 (7f8f756768, 8, 1, 1, 6b90, bfff)
 systemd-journal-286     [002] ..... 486858.067187: sys_exit: NR 22 = 1
              ls-16355   [001] ..... 486858.067194: sys_exit: NR 278 = 8
 systemd-journal-286     [002] ..... 486858.067198: sys_enter: NR 63 (8, 7ff7676260, 2000, 0, 0, 0)
              ls-16355   [001] ..... 486858.067205: sys_enter: NR 214 (0, 0, 202b0, 7f8f831b28, 0, 0)
 systemd-journal-286     [002] ..... 486858.067206: sys_exit: NR 63 = 50
              ls-16355   [001] ..... 486858.067207: sys_exit: NR 214 = 367328796672
              ls-16355   [001] ..... 486858.067210: sys_enter: NR 214 (558682b000, 558682b000, 7f8f757320, 7f8f831b28, 0, 0)
              ls-16355   [001] ..... 486858.067244: sys_exit: NR 214 = 367328931840
 systemd-journal-286     [002] ..... 486858.067266: sys_enter: NR 178 (7f92898db0, 6e5cbdfa255d2a0, 7f928646a0, 0, 431bde82d7b634db, 69005488)
 systemd-journal-286     [002] ..... 486858.067268: sys_exit: NR 178 = 286
 systemd-journal-286     [002] ..... 486858.067273: sys_enter: NR 22 (7, 5587952a70, 42, ffffffffffffffff, 0, 8)
 systemd-journal-286     [002] ..... 486858.067277: sys_exit: NR 22 = 1
 systemd-journal-286     [002] ..... 486858.067287: sys_enter: NR 63 (8, 7ff7676260, 2000, 0, 0, 0)
 systemd-journal-286     [002] ..... 486858.067294: sys_exit: NR 63 = 50
              ls-16355   [001] ..... 486858.067313: sys_enter: NR 56 (ffffffffffffff9c, 7f8f7b7a20, 80000, 0, 0, 0)
              ls-16355   [001] ..... 486858.067343: sys_exit: NR 56 = 3
 systemd-journal-286     [002] ..... 486858.067352: sys_enter: NR 178 (7f92898db0, 6e5cbdfa255d2a0, 7f928646a0, 0, 431bde82d7b634db, 69005488)
 systemd-journal-286     [002] ..... 486858.067354: sys_exit: NR 178 = 286
 systemd-journal-286     [002] ..... 486858.067358: sys_enter: NR 22 (7, 5587952a70, 42, ffffffffffffffff, 0, 8)
              ls-16355   [001] ..... 486858.067370: sys_enter: NR 80 (3, 7fe9fddcd8, 7f8f61e1ac, 0, 558680a4f0, 80)
              ls-16355   [001] ..... 486858.067375: sys_exit: NR 80 = 0
              ls-16355   [001] ..... 486858.067380: sys_enter: NR 63 (3, 558680a500, 400, 0, 0, 0)
              ls-16355   [001] ..... 486858.067431: sys_exit: NR 63 = 401
              ls-16355   [001] ..... 486858.067447: sys_enter: NR 63 (3, 558680a500, 400, 0, 0, 0)
              ls-16355   [001] ..... 486858.067449: sys_exit: NR 63 = 0
              ls-16355   [001] ..... 486858.067457: sys_enter: NR 57 (3, 7f8f61e200, 808, 7, 0, 0)
              ls-16355   [001] ..... 486858.067466: sys_exit: NR 57 = 0
              ls-16355   [001] ..... 486858.067471: sys_enter: NR 48 (ffffffffffffff9c, 7f8f7b7a88, 0, 7, fbada419, 0)
              ls-16355   [001] ..... 486858.067484: sys_exit: NR 48 = -2
              ls-16355   [001] ..... 486858.067550: sys_enter: NR 56 (ffffffffffffff9c, 7f8f709c40, 80000, 0, 0, 7fe9fdda0b)
              ls-16355   [001] ..... 486858.067570: sys_exit: NR 56 = 3
              ls-16355   [001] ..... 486858.067573: sys_enter: NR 80 (3, 7f8f751720, 0, 0, 0, 7fe9fdda0b)
              ls-16355   [001] ..... 486858.067578: sys_exit: NR 80 = 0
              ls-16355   [001] ..... 486858.067580: sys_enter: NR 222 (0, 2ebd20, 1, 2, 3, 0)
              ls-16355   [001] ..... 486858.067634: sys_exit: NR 222 = 547862036480
              ls-16355   [001] ..... 486858.067660: sys_enter: NR 57 (3, b, 4874, 2ac7, 4874, 0)
              ls-16355   [001] ..... 486858.067662: sys_exit: NR 57 = 0
              ls-16355   [001] ..... 486858.067869: sys_enter: NR 29 (1, 5401, 7fe9fddcc0, 7fe9fddd08, 7f8f831b28, 8080808080000000)
              ls-16355   [001] ..... 486858.067879: sys_exit: NR 29 = 0
              ls-16355   [001] ..... 486858.067887: sys_enter: NR 29 (1, 5413, 7fe9fdddd0, 8, 1556437e6e0, 0)
              ls-16355   [001] ..... 486858.067890: sys_exit: NR 29 = 0
              ls-16355   [001] ..... 486858.068511: sys_enter: NR 56 (ffffffffffffff9c, 5586813110, 84800, 0, 4000, 5586813112)
              ls-16355   [001] ..... 486858.068527: sys_exit: NR 56 = 3
              ls-16355   [001] ..... 486858.068530: sys_enter: NR 80 (3, 7fe9fdd938, 0, 0, 4000, 5586813112)
              ls-16355   [001] ..... 486858.068533: sys_exit: NR 80 = 0
              ls-16355   [001] ..... 486858.068547: sys_enter: NR 61 (3, 5586813160, 8000, 7fffffff, 558681b160, 0)
              ls-16355   [001] ..... 486858.068596: sys_exit: NR 61 = 296
              ls-16355   [001] ..... 486858.068610: sys_enter: NR 291 (ffffffffffffff9c, 7fe9fdd5d0, 900, 2, 7fe9fdd498, 7f8f831b28)
              ls-16355   [001] ..... 486858.068622: sys_exit: NR 291 = 0
              ls-16355   [001] ..... 486858.068630: sys_enter: NR 291 (ffffffffffffff9c, 7fe9fdd5d0, 900, 2, 7fe9fdd498, 7f8f831b28)
              ls-16355   [001] ..... 486858.068636: sys_exit: NR 291 = 0
              ls-16355   [001] ..... 486858.068641: sys_enter: NR 291 (ffffffffffffff9c, 7fe9fdd5d0, 900, 2, 7fe9fdd498, 7f8f831b28)
              ls-16355   [001] ..... 486858.068647: sys_exit: NR 291 = 0
              ls-16355   [001] ..... 486858.068652: sys_enter: NR 291 (ffffffffffffff9c, 7fe9fdd5d0, 900, 2, 7fe9fdd498, 7f8f831b28)
              ls-16355   [001] ..... 486858.068657: sys_exit: NR 291 = 0
              ls-16355   [001] ..... 486858.068662: sys_enter: NR 291 (ffffffffffffff9c, 7fe9fdd5d0, 900, 2, 7fe9fdd498, 7f8f831b28)
              ls-16355   [001] ..... 486858.068668: sys_exit: NR 291 = 0
              ls-16355   [001] ..... 486858.068672: sys_enter: NR 291 (ffffffffffffff9c, 7fe9fdd5d0, 900, 2, 7fe9fdd498, 7f8f831b28)
              ls-16355   [001] ..... 486858.068678: sys_exit: NR 291 = 0
              ls-16355   [001] ..... 486858.068683: sys_enter: NR 291 (ffffffffffffff9c, 7fe9fdd5d0, 900, 2, 7fe9fdd498, 7f8f831b28)
              ls-16355   [001] ..... 486858.068688: sys_exit: NR 291 = 0
              ls-16355   [001] ..... 486858.068692: sys_enter: NR 291 (ffffffffffffff9c, 7fe9fdd5d0, 900, 2, 7fe9fdd498, 7f8f831b28)
              ls-16355   [001] ..... 486858.068698: sys_exit: NR 291 = 0
              ls-16355   [001] ..... 486858.068701: sys_enter: NR 61 (3, 5586813160, 8000, 7fffffff, 5586813283, 558681b258)
              ls-16355   [001] ..... 486858.068704: sys_exit: NR 61 = 0
              ls-16355   [001] ..... 486858.068710: sys_enter: NR 57 (3, ffff, 7f8f750aa0, 8041, 20, 558681b258)
              ls-16355   [001] ..... 486858.068719: sys_exit: NR 57 = 0
              ls-16355   [001] ..... 486858.068771: sys_enter: NR 29 (1, 540f, 7fe9fdb824, 7f8f831b28, 0, 8080808080808000)
              ls-16355   [001] ..... 486858.068776: sys_exit: NR 29 = 0
              ls-16355   [001] ..... 486858.068780: sys_enter: NR 134 (14, 0, 7fe9fdb790, 8, 7fe9fdb840, 0)
              ls-16355   [001] ..... 486858.068783: sys_exit: NR 134 = 0
              ls-16355   [001] ..... 486858.068786: sys_enter: NR 134 (e, 0, 7fe9fdb790, 8, 7fe9fdb840, 0)
              ls-16355   [001] ..... 486858.068788: sys_exit: NR 134 = 0
              ls-16355   [001] ..... 486858.068790: sys_enter: NR 134 (1, 0, 7fe9fdb790, 8, 7fe9fdb840, 0)
              ls-16355   [001] ..... 486858.068792: sys_exit: NR 134 = 0
              ls-16355   [001] ..... 486858.068794: sys_enter: NR 134 (2, 0, 7fe9fdb790, 8, 7fe9fdb840, 0)
              ls-16355   [001] ..... 486858.068796: sys_exit: NR 134 = 0
              ls-16355   [001] ..... 486858.068798: sys_enter: NR 134 (d, 0, 7fe9fdb790, 8, 7fe9fdb840, 0)
              ls-16355   [001] ..... 486858.068800: sys_exit: NR 134 = 0
              ls-16355   [001] ..... 486858.068802: sys_enter: NR 134 (3, 0, 7fe9fdb790, 8, 7fe9fdb840, 0)
              ls-16355   [001] ..... 486858.068804: sys_exit: NR 134 = 0
              ls-16355   [001] ..... 486858.068806: sys_enter: NR 134 (f, 0, 7fe9fdb790, 8, 7fe9fdb840, 0)
              ls-16355   [001] ..... 486858.068808: sys_exit: NR 134 = 0
              ls-16355   [001] ..... 486858.068810: sys_enter: NR 134 (1d, 0, 7fe9fdb790, 8, 7fe9fdb840, 0)
              ls-16355   [001] ..... 486858.068812: sys_exit: NR 134 = 0
              ls-16355   [001] ..... 486858.068814: sys_enter: NR 134 (1b, 0, 7fe9fdb790, 8, 7fe9fdb840, 0)
              ls-16355   [001] ..... 486858.068815: sys_exit: NR 134 = 0
              ls-16355   [001] ..... 486858.068818: sys_enter: NR 134 (1a, 0, 7fe9fdb790, 8, 7fe9fdb840, 0)
              ls-16355   [001] ..... 486858.068819: sys_exit: NR 134 = 0
              ls-16355   [001] ..... 486858.068822: sys_enter: NR 134 (18, 0, 7fe9fdb790, 8, 7fe9fdb840, 0)
              ls-16355   [001] ..... 486858.068823: sys_exit: NR 134 = 0
              ls-16355   [001] ..... 486858.068828: sys_enter: NR 134 (19, 0, 7fe9fdb790, 8, 7fe9fdb840, 0)
              ls-16355   [001] ..... 486858.068829: sys_exit: NR 134 = 0
              ls-16355   [001] ..... 486858.068832: sys_enter: NR 134 (14, 7fe9fdb6f8, 0, 8, 0, 10000000)
              ls-16355   [001] ..... 486858.068834: sys_exit: NR 134 = 0
              ls-16355   [001] ..... 486858.068837: sys_enter: NR 134 (e, 7fe9fdb6f8, 0, 8, 0, 10000000)
              ls-16355   [001] ..... 486858.068839: sys_exit: NR 134 = 0
              ls-16355   [001] ..... 486858.068841: sys_enter: NR 134 (1, 7fe9fdb6f8, 0, 8, 0, 10000000)
              ls-16355   [001] ..... 486858.068843: sys_exit: NR 134 = 0
              ls-16355   [001] ..... 486858.068845: sys_enter: NR 134 (2, 7fe9fdb6f8, 0, 8, 0, 10000000)
              ls-16355   [001] ..... 486858.068847: sys_exit: NR 134 = 0
              ls-16355   [001] ..... 486858.068849: sys_enter: NR 134 (d, 7fe9fdb6f8, 0, 8, 0, 10000000)
              ls-16355   [001] ..... 486858.068851: sys_exit: NR 134 = 0
              ls-16355   [001] ..... 486858.068853: sys_enter: NR 134 (3, 7fe9fdb6f8, 0, 8, 0, 10000000)
              ls-16355   [001] ..... 486858.068855: sys_exit: NR 134 = 0
              ls-16355   [001] ..... 486858.068857: sys_enter: NR 134 (f, 7fe9fdb6f8, 0, 8, 0, 10000000)
              ls-16355   [001] ..... 486858.068858: sys_exit: NR 134 = 0
              ls-16355   [001] ..... 486858.068861: sys_enter: NR 134 (1d, 7fe9fdb6f8, 0, 8, 0, 10000000)
              ls-16355   [001] ..... 486858.068862: sys_exit: NR 134 = 0
              ls-16355   [001] ..... 486858.068865: sys_enter: NR 134 (1b, 7fe9fdb6f8, 0, 8, 0, 10000000)
              ls-16355   [001] ..... 486858.068866: sys_exit: NR 134 = 0
              ls-16355   [001] ..... 486858.068869: sys_enter: NR 134 (1a, 7fe9fdb6f8, 0, 8, 0, 10000000)
              ls-16355   [001] ..... 486858.068870: sys_exit: NR 134 = 0
              ls-16355   [001] ..... 486858.068873: sys_enter: NR 134 (18, 7fe9fdb6f8, 0, 8, 0, 10000000)
              ls-16355   [001] ..... 486858.068874: sys_exit: NR 134 = 0
              ls-16355   [001] ..... 486858.068877: sys_enter: NR 134 (19, 7fe9fdb6f8, 0, 8, 0, 10000000)
              ls-16355   [001] ..... 486858.068878: sys_exit: NR 134 = 0
              ls-16355   [001] ..... 486858.068883: sys_enter: NR 80 (1, 7fe9fdb6a8, 7f8f61e1ac, fbad2084, 7f8f61e2c0, 10000000)
              ls-16355   [001] ..... 486858.068887: sys_exit: NR 80 = 0
              ls-16355   [001] ..... 486858.068924: sys_enter: NR 64 (1, 558680a500, 79, 0, 0, 0)
              ls-16355   [001] ..... 486858.069045: sys_exit: NR 64 = 121
    sshd-session-15489   [000] ..... 486858.069050: sys_exit: NR 73 = 1
              ls-16355   [001] ..... 486858.069055: sys_enter: NR 134 (14, 7fe9fddae8, 7fe9fddb80, 8, 7fe9fddcd0, 10000000)
              ls-16355   [001] ..... 486858.069058: sys_exit: NR 134 = 0
    sshd-session-15489   [000] ..... 486858.069059: sys_enter: NR 135 (2, 7fecdd6568, 0, 8, 0, 0)
              ls-16355   [001] ..... 486858.069060: sys_enter: NR 134 (e, 7fe9fddae8, 7fe9fddb80, 8, 7fe9fddcd0, 10000000)
    sshd-session-15489   [000] ..... 486858.069061: sys_exit: NR 135 = 0
              ls-16355   [001] ..... 486858.069062: sys_exit: NR 134 = 0
              ls-16355   [001] ..... 486858.069064: sys_enter: NR 134 (1, 7fe9fddae8, 7fe9fddb80, 8, 7fe9fddcd0, 10000000)
              ls-16355   [001] ..... 486858.069066: sys_exit: NR 134 = 0
              ls-16355   [001] ..... 486858.069068: sys_enter: NR 134 (2, 7fe9fddae8, 7fe9fddb80, 8, 7fe9fddcd0, 10000000)
              ls-16355   [001] ..... 486858.069070: sys_exit: NR 134 = 0
              ls-16355   [001] ..... 486858.069072: sys_enter: NR 134 (d, 7fe9fddae8, 7fe9fddb80, 8, 7fe9fddcd0, 10000000)
              ls-16355   [001] ..... 486858.069074: sys_exit: NR 134 = 0
              ls-16355   [001] ..... 486858.069077: sys_enter: NR 134 (3, 7fe9fddae8, 7fe9fddb80, 8, 7fe9fddcd0, 10000000)
              ls-16355   [001] ..... 486858.069078: sys_exit: NR 134 = 0
              ls-16355   [001] ..... 486858.069081: sys_enter: NR 134 (f, 7fe9fddae8, 7fe9fddb80, 8, 7fe9fddcd0, 10000000)
              ls-16355   [001] ..... 486858.069082: sys_exit: NR 134 = 0
    sshd-session-15489   [000] ..... 486858.069083: sys_enter: NR 63 (c, 55691be0d0, 8000, 0, 0, 0)
              ls-16355   [001] ..... 486858.069085: sys_enter: NR 134 (1d, 7fe9fddae8, 7fe9fddb80, 8, 7fe9fddcd0, 10000000)
              ls-16355   [001] ..... 486858.069086: sys_exit: NR 134 = 0
              ls-16355   [001] ..... 486858.069089: sys_enter: NR 134 (1b, 7fe9fddae8, 7fe9fddb80, 8, 7fe9fddcd0, 10000000)
              ls-16355   [001] ..... 486858.069090: sys_exit: NR 134 = 0
              ls-16355   [001] ..... 486858.069093: sys_enter: NR 134 (1a, 7fe9fddae8, 7fe9fddb80, 8, 7fe9fddcd0, 10000000)
              ls-16355   [001] ..... 486858.069094: sys_exit: NR 134 = 0
    sshd-session-15489   [000] ..... 486858.069095: sys_exit: NR 63 = 122
              ls-16355   [001] ..... 486858.069097: sys_enter: NR 134 (18, 7fe9fddae8, 7fe9fddb80, 8, 7fe9fddcd0, 10000000)
              ls-16355   [001] ..... 486858.069098: sys_exit: NR 134 = 0
              ls-16355   [001] ..... 486858.069101: sys_enter: NR 134 (19, 7fe9fddae8, 7fe9fddb80, 8, 7fe9fddcd0, 10000000)
              ls-16355   [001] ..... 486858.069102: sys_exit: NR 134 = 0
