            bash-15508   [003] ..... 486856.146301: sys_enter: NR 59 (557b990718, 0, 0, 0, 7fda986260, 0)
            bash-15508   [003] ..... 486856.146335: sys_exit: NR 59 = 0
            bash-15508   [003] ..... 486856.146339: sys_enter: NR 135 (0, 7f9e389fa8, 7fda9861c0, 8, 7fda986260, 0)
            bash-15508   [003] ..... 486856.146341: sys_exit: NR 135 = 0
            bash-15508   [003] ..... 486856.146345: sys_enter: NR 220 (1200011, 0, 0, 0, 7f9e45b0f0, 7f9e45b740)
            bash-15508   [003] ..... 486856.146871: sys_exit: NR 220 = 16354
            bash-15508   [003] ..... 486856.146916: sys_enter: NR 135 (2, 7fda9861c0, 0, 8, 7f9e45b0f0, 7f9e45b740)
            bash-15508   [003] ..... 486856.146918: sys_exit: NR 135 = 0
            bash-15508   [003] ..... 486856.146925: sys_enter: NR 134 (f, 7fda986078, 7fda986110, 8, 7fda986260, 0)
            bash-15508   [003] ..... 486856.146927: sys_exit: NR 134 = 0
            bash-15508   [003] ..... 486856.146942: sys_enter: NR 154 (3fe2, 3fe2, 557b9906c0, 1, 7fda986260, 0)
            bash-15508   [003] ..... 486856.146947: sys_exit: NR 154 = 0
              ls-16354   [001] ..... 486856.146953: sys_enter: NR 99 (7f9e45b100, 18, 0, 0, 7f9e45b0f0, 7f9e45b740)
              ls-16354   [001] ..... 486856.146957: sys_exit: NR 99 = 0
            bash-15508   [003] ..... 486856.146986: sys_enter: NR 135 (2, 7fda9863d8, 0, 8, 0, 0)
            bash-15508   [003] ..... 486856.146987: sys_exit: NR 135 = 0
              ls-16354   [001] ..... 486856.147038: sys_enter: NR 135 (2, 7fda9861c0, 0, 8, 7f9e45b0f0, 7f9e45b740)
              ls-16354   [001] ..... 486856.147041: sys_exit: NR 135 = 0
            bash-15508   [003] ..... 486856.147135: sys_enter: NR 135 (0, 7fda986358, 7fda9863d8, 8, 10000, 0)
            bash-15508   [003] ..... 486856.147137: sys_exit: NR 135 = 0
            bash-15508   [003] ..... 486856.147141: sys_enter: NR 57 (3, 0, 0, 0, 0, 0)
            bash-15508   [003] ..... 486856.147146: sys_exit: NR 57 = 0
            bash-15508   [003] ..... 486856.147148: sys_enter: NR 57 (4, 0, 0, 0, 0, 0)
            bash-15508   [003] ..... 486856.147150: sys_exit: NR 57 = 0
              ls-16354   [001] ..... 486856.147159: sys_enter: NR 172 (100, 0, 0, 7f9e46bb98, 7f9e46bba8, 1)
              ls-16354   [001] ..... 486856.147162: sys_exit: NR 172 = 16354
            bash-15508   [003] ..... 486856.147195: sys_enter: NR 29 (ff, 540f, 7fda986324, 7f9e46ab28, 0, fffffffffffffba0)
              ls-16354   [001] ..... 486856.147196: sys_enter: NR 135 (2, 557b9a0160, 0, 8, 0, 1)
              ls-16354   [001] ..... 486856.147198: sys_exit: NR 135 = 0
            bash-15508   [003] ..... 486856.147201: sys_exit: NR 29 = 0
            bash-15508   [003] ..... 486856.147204: sys_enter: NR 135 (0, 7fda986208, 7fda986288, 8, 390000, fffffffffffffba0)
            bash-15508   [003] ..... 486856.147206: sys_exit: NR 135 = 0
            bash-15508   [003] ..... 486856.147209: sys_enter: NR 29 (ff, 5410, 7fda9861fc, 0, 390000, fffffffffffffba0)
              ls-16354   [001] ..... 486856.147210: sys_enter: NR 134 (14, 7fda986068, 7fda986100, 8, 7fda986250, 0)
              ls-16354   [001] ..... 486856.147213: sys_exit: NR 134 = 0
            bash-15508   [003] ..... 486856.147213: sys_exit: NR 29 = 0
              ls-16354   [001] ..... 486856.147215: sys_enter: NR 134 (15, 7fda986068, 7fda986100, 8, 7fda986250, 0)
            bash-15508   [003] ..... 486856.147216: sys_enter: NR 135 (2, 7fda986288, 0, 8, 10000, fffffffffffffba0)
              ls-16354   [001] ..... 486856.147217: sys_exit: NR 134 = 0
            bash-15508   [003] ..... 486856.147217: sys_exit: NR 135 = 0
              ls-16354   [001] ..... 486856.147220: sys_enter: NR 134 (16, 7fda986078, 7fda986110, 8, 7fda986260, 0)
            bash-15508   [003] ..... 486856.147220: sys_enter: NR 135 (2, 7fda9863d8, 0, 8, 0, fffffffffffffba0)
              ls-16354   [001] ..... 486856.147221: sys_exit: NR 134 = 0
            bash-15508   [003] ..... 486856.147221: sys_exit: NR 135 = 0
              ls-16354   [001] ..... 486856.147224: sys_enter: NR 154 (3fe2, 3fe2, 0, 0, 7fda986260, 0)
            bash-15508   [003] ..... 486856.147224: sys_enter: NR 135 (0, 7fda986458, 7fda9864d8, 8, 10000, fffffffffffffba0)
            bash-15508   [003] ..... 486856.147226: sys_exit: NR 135 = 0
              ls-16354   [001] ..... 486856.147227: sys_exit: NR 154 = 0
              ls-16354   [001] ..... 486856.147230: sys_enter: NR 135 (0, 7fda9861f8, 7fda986278, 8, 390000, 0)
              ls-16354   [001] ..... 486856.147232: sys_exit: NR 135 = 0
            bash-15508   [003] ..... 486856.147233: sys_enter: NR 260 (ffffffffffffffff, 7fda9863d0, a, 0, 0, 0)
              ls-16354   [001] ..... 486856.147250: sys_enter: NR 29 (ff, 5410, 7fda9861ec, 0, 390000, 0)
              ls-16354   [001] ..... 486856.147256: sys_exit: NR 29 = 0
              ls-16354   [001] ..... 486856.147262: sys_enter: NR 135 (2, 7fda986278, 0, 8, 0, 0)
              ls-16354   [001] ..... 486856.147264: sys_exit: NR 135 = 0
              ls-16354   [001] ..... 486856.147270: sys_enter: NR 57 (4, 0, 0, 0, 0, 0)
              ls-16354   [001] ..... 486856.147282: sys_exit: NR 57 = 0
              ls-16354   [001] ..... 486856.147285: sys_enter: NR 63 (3, 7fda986357, 1, 0, 0, 0)
              ls-16354   [001] ..... 486856.147291: sys_exit: NR 63 = 0
              ls-16354   [001] ..... 486856.147310: sys_enter: NR 57 (3, 0, 0, 0, 0, 0)
              ls-16354   [001] ..... 486856.147333: sys_exit: NR 57 = 0
              ls-16354   [001] ..... 486856.147336: sys_enter: NR 134 (1, 7fda986328, 0, 8, 0, 0)
              ls-16354   [001] ..... 486856.147338: sys_exit: NR 134 = 0
              ls-16354   [001] ..... 486856.147341: sys_enter: NR 134 (4, 7fda986328, 0, 8, 0, 0)
              ls-16354   [001] ..... 486856.147343: sys_exit: NR 134 = 0
              ls-16354   [001] ..... 486856.147345: sys_enter: NR 134 (5, 7fda986328, 0, 8, 0, 0)
              ls-16354   [001] ..... 486856.147347: sys_exit: NR 134 = 0
              ls-16354   [001] ..... 486856.147349: sys_enter: NR 135 (0, 7f9e389fa8, 7fda986430, 8, 5, 0)
              ls-16354   [001] ..... 486856.147369: sys_exit: NR 135 = 0
              ls-16354   [001] ..... 486856.147372: sys_enter: NR 134 (6, 7fda9862e8, 0, 8, 0, 0)
              ls-16354   [001] ..... 486856.147374: sys_exit: NR 134 = 0
              ls-16354   [001] ..... 486856.147377: sys_enter: NR 135 (2, 7fda986430, 0, 8, 0, 0)
              ls-16354   [001] ..... 486856.147378: sys_exit: NR 135 = 0
              ls-16354   [001] ..... 486856.147381: sys_enter: NR 134 (8, 7fda986328, 0, 8, 0, 0)
              ls-16354   [001] ..... 486856.147383: sys_exit: NR 134 = 0
              ls-16354   [001] ..... 486856.147385: sys_enter: NR 134 (7, 7fda986328, 0, 8, 0, 0)
              ls-16354   [001] ..... 486856.147387: sys_exit: NR 134 = 0
              ls-16354   [001] ..... 486856.147389: sys_enter: NR 134 (b, 7fda986328, 0, 8, 0, 0)
              ls-16354   [001] ..... 486856.147391: sys_exit: NR 134 = 0
              ls-16354   [001] ..... 486856.147395: sys_enter: NR 134 (1f, 7fda986328, 0, 8, 0, 0)
              ls-16354   [001] ..... 486856.147397: sys_exit: NR 134 = 0
              ls-16354   [001] ..... 486856.147400: sys_enter: NR 134 (d, 7fda986328, 0, 8, 0, 0)
              ls-16354   [001] ..... 486856.147401: sys_exit: NR 134 = 0
              ls-16354   [001] ..... 486856.147404: sys_enter: NR 134 (e, 7fda986328, 0, 8, 0, 0)
              ls-16354   [001] ..... 486856.147405: sys_exit: NR 134 = 0
              ls-16354   [001] ..... 486856.147408: sys_enter: NR 134 (18, 7fda986328, 0, 8, 0, 0)
              ls-16354   [001] ..... 486856.147409: sys_exit: NR 134 = 0
              ls-16354   [001] ..... 486856.147412: sys_enter: NR 134 (19, 7fda986328, 0, 8, 0, 0)
              ls-16354   [001] ..... 486856.147413: sys_exit: NR 134 = 0
              ls-16354   [001] ..... 486856.147415: sys_enter: NR 134 (1a, 7fda986328, 0, 8, 0, 0)
              ls-16354   [001] ..... 486856.147417: sys_exit: NR 134 = 0
              ls-16354   [001] ..... 486856.147419: sys_enter: NR 134 (a, 7fda986328, 0, 8, 0, 0)
              ls-16354   [001] ..... 486856.147421: sys_exit: NR 134 = 0
              ls-16354   [001] ..... 486856.147423: sys_enter: NR 134 (c, 7fda986328, 0, 8, 0, 0)
              ls-16354   [001] ..... 486856.147425: sys_exit: NR 134 = 0
              ls-16354   [001] ..... 486856.147433: sys_enter: NR 134 (2, 7fda986228, 7fda9862c0, 8, 7fda986410, 0)
              ls-16354   [001] ..... 486856.147435: sys_exit: NR 134 = 0
              ls-16354   [001] ..... 486856.147438: sys_enter: NR 134 (3, 7fda986228, 7fda9862c0, 8, 7fda986410, 0)
              ls-16354   [001] ..... 486856.147440: sys_exit: NR 134 = 0
              ls-16354   [001] ..... 486856.147443: sys_enter: NR 134 (f, 7fda986228, 7fda9862c0, 8, 7fda986410, 0)
              ls-16354   [001] ..... 486856.147444: sys_exit: NR 134 = 0
              ls-16354   [001] ..... 486856.147447: sys_enter: NR 134 (11, 7fda986228, 7fda9862c0, 8, 7fda986410, 10000000)
              ls-16354   [001] ..... 486856.147449: sys_exit: NR 134 = 0
              ls-16354   [001] ..... 486856.147551: sys_enter: NR 221 (55b313af30, 55b2fdab20, 55b313baa0, 7f9e46ab28, 0, 10000000)
              ls-16354   [001] ..... 486856.148598: sys_exit: NR 221 = 0
              ls-16354   [001] ..... 486856.148718: sys_enter: NR 214 (0, 0, 0, 7fbb94c9b8, 0, 1d)
              ls-16354   [001] ..... 486856.148721: sys_exit: NR 214 = 367411650560
              ls-16354   [001] ..... 486856.148805: sys_enter: NR 222 (0, 2000, 3, 22, ffffffffffffffff, 0)
              ls-16354   [001] ..... 486856.148865: sys_exit: NR 222 = 548607909888
              ls-16354   [001] ..... 486856.148884: sys_enter: NR 48 (ffffffffffffff9c, 7fbb931410, 4, 3e898, 6474e552, 38)
              ls-16354   [001] ..... 486856.148900: sys_exit: NR 48 = -2
              ls-16354   [001] ..... 486856.148913: sys_enter: NR 56 (ffffffffffffff9c, 7fbb92f178, 80000, 0, 0, 555fc6164e)
              ls-16354   [001] ..... 486856.148932: sys_exit: NR 56 = 3
              ls-16354   [001] ..... 486856.148934: sys_enter: NR 80 (3, 7ffd69f430, 80000, 0, 0, 555fc6164e)
              ls-16354   [001] ..... 486856.148942: sys_exit: NR 80 = 0
              ls-16354   [001] ..... 486856.148945: sys_enter: NR 222 (0, 5568, 1, 2, 3, 0)
              ls-16354   [001] ..... 486856.148993: sys_exit: NR 222 = 548607885312
              ls-16354   [001] ..... 486856.148997: sys_enter: NR 57 (3, 5568, 1, 2, 3, 0)
              ls-16354   [001] ..... 486856.148999: sys_exit: NR 57 = 0
              ls-16354   [001] ..... 486856.149021: sys_enter: NR 56 (ffffffffffffff9c, 7fbb946140, 80000, 0, 0, 0)
              ls-16354   [001] ..... 486856.149041: sys_exit: NR 56 = 3
              ls-16354   [001] ..... 486856.149044: sys_enter: NR 63 (3, 7ffd69f5f0, 340, 0, 0, 0)
              ls-16354   [001] ..... 486856.149055: sys_exit: NR 63 = 832
              ls-16354   [001] ..... 486856.149059: sys_enter: NR 80 (3, 7ffd69f470, 3, 7ffd69f5e8, 7fbb946140, 7fbb94f370)
              ls-16354   [001] ..... 486856.149062: sys_exit: NR 80 = 0
              ls-16354   [001] ..... 486856.149068: sys_enter: NR 222 (0, 62638, 0, 822, ffffffffffffffff, 0)
              ls-16354   [001] ..... 486856.149097: sys_exit: NR 222 = 548607275008
              ls-16354   [001] ..... 486856.149100: sys_enter: NR 222 (7fbb8b0000, 52638, 5, 812, 3, 0)
              ls-16354   [001] ..... 486856.149149: sys_exit: NR 222 = 548607295488
              ls-16354   [001] ..... 486856.149152: sys_enter: NR 215 (7fbb8ab000, 5000, 7fbb8b0000, 7fbb902638, 3, 0)
              ls-16354   [001] ..... 486856.149167: sys_exit: NR 215 = 0
              ls-16354   [001] ..... 486856.149170: sys_enter: NR 215 (7fbb903000, a638, 7fbb8b0000, 7fbb902638, 7fbb90d638, 0)
              ls-16354   [001] ..... 486856.149178: sys_exit: NR 215 = 0
              ls-16354   [001] ..... 486856.149181: sys_enter: NR 226 (7fbb8e1000, 1e000, 0, 7fbb902638, 7fbb90d638, 0)
              ls-16354   [001] ..... 486856.149206: sys_exit: NR 226 = 0
              ls-16354   [001] ..... 486856.149209: sys_enter: NR 222 (7fbb8ff000, 2000, 3, 812, 3, 3f000)
              ls-16354   [001] ..... 486856.149242: sys_exit: NR 222 = 548607619072
              ls-16354   [001] ..... 486856.149267: sys_enter: NR 222 (7fbb901000, 1638, 3, 32, ffffffffffffffff, 0)
              ls-16354   [001] ..... 486856.149299: sys_exit: NR 222 = 548607627264
              ls-16354   [001] ..... 486856.149342: sys_enter: NR 57 (3, 3, 1, 6474e553, 7fbb8b0040, 8)
              ls-16354   [001] ..... 486856.149344: sys_exit: NR 57 = 0
              ls-16354   [001] ..... 486856.149359: sys_enter: NR 56 (ffffffffffffff9c, 7fbb946690, 80000, 0, 0, 0)
              ls-16354   [001] ..... 486856.149380: sys_exit: NR 56 = 3
              ls-16354   [001] ..... 486856.149382: sys_enter: NR 63 (3, 7ffd69f5d0, 340, 0, 0, 0)
              ls-16354   [001] ..... 486856.149390: sys_exit: NR 63 = 832
              ls-16354   [001] ..... 486856.149393: sys_enter: NR 80 (3, 7ffd69f450, 3, 7ffd69f5c8, 7fbb946690, 7fbb94f370)
              ls-16354   [001] ..... 486856.149396: sys_exit: NR 80 = 0
              ls-16354   [001] ..... 486856.149401: sys_enter: NR 222 (0, 30060, 0, 822, ffffffffffffffff, 0)
 systemd-journal-286     [002] ..... 486856.149518: sys_exit: NR 22 = 1
              ls-16354   [001] ..... 486856.149551: sys_exit: NR 222 = 548607094784
              ls-16354   [001] ..... 486856.149558: sys_enter: NR 222 (7fbb880000, 20060, 5, 812, 3, 0)
 systemd-journal-286     [002] ..... 486856.149574: sys_enter: NR 63 (8, 7ff7676260, 2000, 0, 0, 0)
 systemd-journal-286     [002] ..... 486856.149595: sys_exit: NR 63 = 50
              ls-16354   [001] ..... 486856.149628: sys_exit: NR 222 = 548607098880
              ls-16354   [001] ..... 486856.149632: sys_enter: NR 215 (7fbb87f000, 1000, 7fbb880000, 7fbb8a0060, 3, 0)
              ls-16354   [001] ..... 486856.149645: sys_exit: NR 215 = 0
              ls-16354   [001] ..... 486856.149648: sys_enter: NR 215 (7fbb8a1000, e060, 7fbb880000, 7fbb8a0060, 7fbb8af060, 0)
              ls-16354   [001] ..... 486856.149656: sys_exit: NR 215 = 0
              ls-16354   [001] ..... 486856.149659: sys_enter: NR 226 (7fbb88a000, 15000, 0, 7fbb8a0060, 7fbb8af060, 0)
              ls-16354   [001] ..... 486856.149681: sys_exit: NR 226 = 0
 systemd-journal-286     [002] ..... 486856.149682: sys_enter: NR 80 (10, 5587925958, 0, 0, 431bde82d7b634db, 76dbf)
              ls-16354   [001] ..... 486856.149684: sys_enter: NR 222 (7fbb89f000, 2000, 3, 812, 3, f000)
 systemd-journal-286     [002] ..... 486856.149689: sys_exit: NR 80 = 0
              ls-16354   [001] ..... 486856.149714: sys_exit: NR 222 = 548607225856
              ls-16354   [001] ..... 486856.149772: sys_enter: NR 57 (3, 3, 6, 6474e553, 7fbb880040, 8)
              ls-16354   [001] ..... 486856.149775: sys_exit: NR 57 = 0
 systemd-journal-286     [002] ..... 486856.149781: sys_enter: NR 178 (7f92898db0, 6e5cbdfa255d2a0, 7f928646a0, 0, 431bde82d7b634db, 69005487)
 systemd-journal-286     [002] ..... 486856.149785: sys_exit: NR 178 = 286
              ls-16354   [001] ..... 486856.149788: sys_enter: NR 56 (ffffffffffffff9c, 7fbb946be0, 80000, 0, 0, 0)
 systemd-journal-286     [002] ..... 486856.149792: sys_enter: NR 86 (f, 1, 7ff76782e0, 0, 3e8, 69005487)
 systemd-journal-286     [002] ..... 486856.149805: sys_exit: NR 86 = 0
              ls-16354   [001] ..... 486856.149811: sys_exit: NR 56 = 3
 systemd-journal-286     [002] ..... 486856.149811: sys_enter: NR 22 (7, 5587952a70, 42, ffffffffffffffff, 0, 8)
              ls-16354   [001] ..... 486856.149816: sys_enter: NR 63 (3, 7ffd69f5b0, 340, 0, 0, 0)
 systemd-journal-286     [002] ..... 486856.149818: sys_exit: NR 22 = 1
              ls-16354   [001] ..... 486856.149825: sys_exit: NR 63 = 832
              ls-16354   [001] ..... 486856.149828: sys_enter: NR 80 (3, 7ffd69f430, 3, 7ffd69f5a8, 7fbb946be0, 7fbb94f370)
 systemd-journal-286     [002] ..... 486856.149831: sys_enter: NR 63 (8, 7ff7676260, 2000, 0, 0, 0)
              ls-16354   [001] ..... 486856.149832: sys_exit: NR 80 = 0
 systemd-journal-286     [002] ..... 486856.149840: sys_exit: NR 63 = 50
              ls-16354   [001] ..... 486856.149849: sys_enter: NR 222 (0, 1ce030, 0, 822, ffffffffffffffff, 0)
              ls-16354   [001] ..... 486856.149879: sys_exit: NR 222 = 548605202432
              ls-16354   [001] ..... 486856.149882: sys_enter: NR 222 (7fbb6c0000, 1be030, 5, 812, 3, 0)
 systemd-journal-286     [002] ..... 486856.149906: sys_enter: NR 178 (7f92898db0, 6e5cbdfa255d2a0, 7f928646a0, 0, 431bde82d7b634db, 69005487)
 systemd-journal-286     [002] ..... 486856.149909: sys_exit: NR 178 = 286
 systemd-journal-286     [002] ..... 486856.149913: sys_enter: NR 22 (7, 5587952a70, 42, ffffffffffffffff, 0, 8)
 systemd-journal-286     [002] ..... 486856.149917: sys_exit: NR 22 = 1
              ls-16354   [001] ..... 486856.149927: sys_exit: NR 222 = 548605263872
 systemd-journal-286     [002] ..... 486856.149929: sys_enter: NR 63 (8, 7ff7676260, 2000, 0, 0, 0)
              ls-16354   [001] ..... 486856.149930: sys_enter: NR 215 (7fbb6b1000, f000, 7fbb6c0000, 7fbb87e030, 3, 0)
 systemd-journal-286     [002] ..... 486856.149937: sys_exit: NR 63 = 50
              ls-16354   [001] ..... 486856.149942: sys_exit: NR 215 = 0
              ls-16354   [001] ..... 486856.149944: sys_enter: NR 215 (7fbb87f000, 30, 7fbb6c0000, 7fbb87e030, 7fbb87f030, 0)
              ls-16354   [001] ..... 486856.149952: sys_exit: NR 215 = 0
              ls-16354   [001] ..... 486856.149955: sys_enter: NR 226 (7fbb85e000, f000, 0, 7fbb87e030, 7fbb87f030, 0)
              ls-16354   [001] ..... 486856.149975: sys_exit: NR 226 = 0
              ls-16354   [001] ..... 486856.149978: sys_enter: NR 222 (7fbb86d000, 5000, 3, 812, 3, 1ad000)
 systemd-journal-286     [002] ..... 486856.149996: sys_enter: NR 178 (7f92898db0, 6e5cbdfa255d2a0, 7f928646a0, 0, 431bde82d7b634db, 69005487)
 systemd-journal-286     [002] ..... 486856.149998: sys_exit: NR 178 = 286
 systemd-journal-286     [002] ..... 486856.150002: sys_enter: NR 22 (7, 5587952a70, 42, ffffffffffffffff, 0, 8)
 systemd-journal-286     [002] ..... 486856.150007: sys_exit: NR 22 = 1
              ls-16354   [001] ..... 486856.150012: sys_exit: NR 222 = 548607021056
 systemd-journal-286     [002] ..... 486856.150018: sys_enter: NR 63 (8, 7ff7676260, 2000, 0, 0, 0)
 systemd-journal-286     [002] ..... 486856.150026: sys_exit: NR 63 = 50
              ls-16354   [001] ..... 486856.150037: sys_enter: NR 222 (7fbb872000, c030, 3, 32, ffffffffffffffff, 0)
              ls-16354   [001] ..... 486856.150066: sys_exit: NR 222 = 548607041536
 systemd-journal-286     [002] ..... 486856.150086: sys_enter: NR 178 (7f92898db0, 6e5cbdfa255d2a0, 7f928646a0, 0, 431bde82d7b634db, 69005487)
 systemd-journal-286     [002] ..... 486856.150088: sys_exit: NR 178 = 286
 systemd-journal-286     [002] ..... 486856.150093: sys_enter: NR 22 (7, 5587952a70, 42, ffffffffffffffff, 0, 8)
 systemd-journal-286     [002] ..... 486856.150097: sys_exit: NR 22 = 1
 systemd-journal-286     [002] ..... 486856.150109: sys_enter: NR 63 (8, 7ff7676260, 2000, 0, 0, 0)
              ls-16354   [001] ..... 486856.150116: sys_enter: NR 57 (3, 3, 6, 6474e553, 7fbb6c0040, 8)
 systemd-journal-286     [002] ..... 486856.150116: sys_exit: NR 63 = 50
              ls-16354   [001] ..... 486856.150118: sys_exit: NR 57 = 0
              ls-16354   [001] ..... 486856.150150: sys_enter: NR 56 (ffffffffffffff9c, 7fbb947130, 80000, 0, 0, 0)
              ls-16354   [001] ..... 486856.150172: sys_exit: NR 56 = 3
 systemd-journal-286     [002] ..... 486856.150174: sys_enter: NR 178 (7f92898db0, 6e5cbdfa255d2a0, 7f928646a0, 0, 431bde82d7b634db, 69005487)
              ls-16354   [001] ..... 486856.150175: sys_enter: NR 63 (3, 7ffd69f570, 340, 0, 0, 0)
 systemd-journal-286     [002] ..... 486856.150176: sys_exit: NR 178 = 286
 systemd-journal-286     [002] ..... 486856.150180: sys_enter: NR 22 (7, 5587952a70, 42, ffffffffffffffff, 0, 8)
              ls-16354   [001] ..... 486856.150183: sys_exit: NR 63 = 832
 systemd-journal-286     [002] ..... 486856.150184: sys_exit: NR 22 = 1
              ls-16354   [001] ..... 486856.150185: sys_enter: NR 80 (3, 7ffd69f3f0, 3, 7ffd69f568, 7fbb947130, 7fbb946170)
              ls-16354   [001] ..... 486856.150189: sys_exit: NR 80 = 0
              ls-16354   [001] ..... 486856.150193: sys_enter: NR 222 (0, c0288, 0, 822, ffffffffffffffff, 0)
 systemd-journal-286     [002] ..... 486856.150195: sys_enter: NR 63 (8, 7ff7676260, 2000, 0, 0, 0)
 systemd-journal-286     [002] ..... 486856.150203: sys_exit: NR 63 = 50
              ls-16354   [001] ..... 486856.150238: sys_exit: NR 222 = 548604473344
              ls-16354   [001] ..... 486856.150242: sys_enter: NR 222 (7fbb600000, b0288, 5, 812, 3, 0)
 systemd-journal-286     [002] ..... 486856.150264: sys_enter: NR 178 (7f92898db0, 6e5cbdfa255d2a0, 7f928646a0, 0, 431bde82d7b634db, 69005487)
 systemd-journal-286     [002] ..... 486856.150266: sys_exit: NR 178 = 286
 systemd-journal-286     [002] ..... 486856.150270: sys_enter: NR 22 (7, 5587952a70, 42, ffffffffffffffff, 0, 8)
 systemd-journal-286     [002] ..... 486856.150274: sys_exit: NR 22 = 1
 systemd-journal-286     [002] ..... 486856.150285: sys_enter: NR 63 (8, 7ff7676260, 2000, 0, 0, 0)
              ls-16354   [001] ..... 486856.150286: sys_exit: NR 222 = 548604477440
              ls-16354   [001] ..... 486856.150289: sys_enter: NR 215 (7fbb5ff000, 1000, 7fbb600000, 7fbb6b0288, 3, 0)
 systemd-journal-286     [002] ..... 486856.150293: sys_exit: NR 63 = 50
              ls-16354   [001] ..... 486856.150301: sys_exit: NR 215 = 0
              ls-16354   [001] ..... 486856.150303: sys_enter: NR 215 (7fbb6b1000, e288, 7fbb600000, 7fbb6b0288, 7fbb6bf288, 0)
              ls-16354   [001] ..... 486856.150311: sys_exit: NR 215 = 0
              ls-16354   [001] ..... 486856.150314: sys_enter: NR 226 (7fbb696000, 19000, 0, 7fbb6b0288, 7fbb6bf288, 0)
              ls-16354   [001] ..... 486856.150334: sys_exit: NR 226 = 0
              ls-16354   [001] ..... 486856.150337: sys_enter: NR 222 (7fbb6af000, 2000, 3, 812, 3, 9f000)
 systemd-journal-286     [002] ..... 486856.150351: sys_enter: NR 178 (7f92898db0, 6e5cbdfa255d2a0, 7f928646a0, 0, 431bde82d7b634db, 69005487)
 systemd-journal-286     [002] ..... 486856.150353: sys_exit: NR 178 = 286
 systemd-journal-286     [002] ..... 486856.150357: sys_enter: NR 22 (7, 5587952a70, 42, ffffffffffffffff, 0, 8)
 systemd-journal-286     [002] ..... 486856.150362: sys_exit: NR 22 = 1
              ls-16354   [001] ..... 486856.150365: sys_exit: NR 222 = 548605194240
 systemd-journal-286     [002] ..... 486856.150373: sys_enter: NR 63 (8, 7ff7676260, 2000, 0, 0, 0)
 systemd-journal-286     [002] ..... 486856.150381: sys_exit: NR 63 = 50
              ls-16354   [001] ..... 486856.150422: sys_enter: NR 57 (3, 3, 1, 6474e553, 7fbb600040, 8)
              ls-16354   [001] ..... 486856.150425: sys_exit: NR 57 = 0
 systemd-journal-286     [002] ..... 486856.150439: sys_enter: NR 178 (7f92898db0, 6e5cbdfa255d2a0, 7f928646a0, 0, 431bde82d7b634db, 69005487)
 systemd-journal-286     [002] ..... 486856.150441: sys_exit: NR 178 = 286
 systemd-journal-286     [002] ..... 486856.150445: sys_enter: NR 22 (7, 5587952a70, 42, ffffffffffffffff, 0, 8)
 systemd-journal-286     [002] ..... 486856.150449: sys_exit: NR 22 = 1
 systemd-journal-286     [002] ..... 486856.150461: sys_enter: NR 63 (8, 7ff7676260, 2000, 0, 0, 0)
 systemd-journal-286     [002] ..... 486856.150468: sys_exit: NR 63 = 50
              ls-16354   [001] ..... 486856.150497: sys_enter: NR 222 (0, 2000, 3, 22, ffffffffffffffff, 0)
              ls-16354   [001] ..... 486856.150526: sys_exit: NR 222 = 548607877120
 systemd-journal-286     [002] ..... 486856.150526: sys_enter: NR 178 (7f92898db0, 6e5cbdfa255d2a0, 7f928646a0, 0, 431bde82d7b634db, 69005487)
 systemd-journal-286     [002] ..... 486856.150528: sys_exit: NR 178 = 286
 systemd-journal-286     [002] ..... 486856.150534: sys_enter: NR 22 (7, 5587952a70, 42, ffffffffffffffff, 0, 8)
 systemd-journal-286     [002] ..... 486856.150538: sys_exit: NR 22 = 1
 systemd-journal-286     [002] ..... 486856.150550: sys_enter: NR 63 (8, 7ff7676260, 2000, 0, 0, 0)
              ls-16354   [001] ..... 486856.150553: sys_enter: NR 96 (7fbb93e530, 7fbb94e000, 7fbb93e520, 7fbb94eba8, 7fbb93e580, 4)
              ls-16354   [001] ..... 486856.150556: sys_exit: NR 96 = 16354
 systemd-journal-286     [002] ..... 486856.150557: sys_exit: NR 63 = 50
              ls-16354   [001] ..... 486856.150559: sys_enter: NR 99 (7fbb93e540, 18, 7fbb93e540, 1, 0, 7fbb93e570)
              ls-16354   [001] ..... 486856.150560: sys_exit: NR 99 = 0
              ls-16354   [001] ..... 486856.150562: sys_enter: NR 293 (7fbb93ed20, 20, 0, d428bc00, 7fbb93ed40, ffffffff)
              ls-16354   [001] ..... 486856.150565: sys_exit: NR 293 = 0
 systemd-journal-286     [002] ..... 486856.150644: sys_enter: NR 178 (7f92898db0, 6e5cbdfa255d2a0, 7f928646a0, 0, 431bde82d7b634db, 69005487)
 systemd-journal-286     [002] ..... 486856.150647: sys_exit: NR 178 = 286
 systemd-journal-286     [002] ..... 486856.150652: sys_enter: NR 22 (7, 5587952a70, 42, ffffffffffffffff, 0, 8)
 systemd-journal-286     [002] ..... 486856.150657: sys_exit: NR 22 = 1
 systemd-journal-286     [002] ..... 486856.150669: sys_enter: NR 63 (8, 7ff7676260, 2000, 0, 0, 0)
 systemd-journal-286     [002] ..... 486856.150678: sys_exit: NR 63 = 50
 systemd-journal-286     [002] ..... 486856.150737: sys_enter: NR 178 (7f92898db0, 6e5cbdfa255d2a0, 7f928646a0, 0, 431bde82d7b634db, 69005487)
 systemd-journal-286     [002] ..... 486856.150739: sys_exit: NR 178 = 286
 systemd-journal-286     [002] ..... 486856.150744: sys_enter: NR 22 (7, 5587952a70, 42, ffffffffffffffff, 0, 8)
 systemd-journal-286     [002] ..... 486856.150748: sys_exit: NR 22 = 1
 systemd-journal-286     [002] ..... 486856.150759: sys_enter: NR 63 (8, 7ff7676260, 2000, 0, 0, 0)
              ls-16354   [001] ..... 486856.150764: sys_enter: NR 226 (7fbb86d000, 3000, 1, 1ad070, 1, 7ffd69ffe0)
 systemd-journal-286     [002] ..... 486856.150766: sys_exit: NR 63 = 50
              ls-16354   [001] ..... 486856.150787: sys_exit: NR 226 = 0
              ls-16354   [001] ..... 486856.150804: sys_enter: NR 226 (7fbb6af000, 1000, 1, afb50, 1, 7ffd69ffe0)
              ls-16354   [001] ..... 486856.150816: sys_exit: NR 226 = 0
 systemd-journal-286     [002] ..... 486856.150824: sys_enter: NR 178 (7f92898db0, 6e5cbdfa255d2a0, 7f928646a0, 0, 431bde82d7b634db, 69005487)
 systemd-journal-286     [002] ..... 486856.150826: sys_exit: NR 178 = 286
 systemd-journal-286     [002] ..... 486856.150830: sys_enter: NR 22 (7, 5587952a70, 42, ffffffffffffffff, 0, 8)
 systemd-journal-286     [002] ..... 486856.150834: sys_exit: NR 22 = 1
 systemd-journal-286     [002] ..... 486856.150846: sys_enter: NR 63 (8, 7ff7676260, 2000, 0, 0, 0)
 systemd-journal-286     [002] ..... 486856.150853: sys_exit: NR 63 = 50
              ls-16354   [001] ..... 486856.150904: sys_enter: NR 226 (7fbb89f000, 1000, 1, 1f628, 1, 7ffd69ffe0)
 systemd-journal-286     [002] ..... 486856.150910: sys_enter: NR 178 (7f92898db0, 6e5cbdfa255d2a0, 7f928646a0, 0, 431bde82d7b634db, 69005487)
 systemd-journal-286     [002] ..... 486856.150912: sys_exit: NR 178 = 286
 systemd-journal-286     [002] ..... 486856.150916: sys_enter: NR 22 (7, 5587952a70, 42, ffffffffffffffff, 0, 8)
              ls-16354   [001] ..... 486856.150918: sys_exit: NR 226 = 0
 systemd-journal-286     [002] ..... 486856.150920: sys_exit: NR 22 = 1
 systemd-journal-286     [002] ..... 486856.150932: sys_enter: NR 63 (8, 7ff7676260, 2000, 0, 0, 0)
 systemd-journal-286     [002] ..... 486856.150939: sys_exit: NR 63 = 50
 systemd-journal-286     [002] ..... 486856.150995: sys_enter: NR 178 (7f92898db0, 6e5cbdfa255d2a0, 7f928646a0, 0, 431bde82d7b634db, 69005487)
 systemd-journal-286     [002] ..... 486856.150997: sys_exit: NR 178 = 286
 systemd-journal-286     [002] ..... 486856.151001: sys_enter: NR 22 (7, 5587952a70, 42, ffffffffffffffff, 0, 8)
 systemd-journal-286     [002] ..... 486856.151005: sys_exit: NR 22 = 1
 systemd-journal-286     [002] ..... 486856.151017: sys_enter: NR 63 (8, 7ff7676260, 2000, 0, 0, 0)
 systemd-journal-286     [002] ..... 486856.151024: sys_exit: NR 63 = 50
 systemd-journal-286     [002] ..... 486856.151081: sys_enter: NR 178 (7f92898db0, 6e5cbdfa255d2a0, 7f928646a0, 0, 431bde82d7b634db, 69005487)
 systemd-journal-286     [002] ..... 486856.151084: sys_exit: NR 178 = 286
 systemd-journal-286     [002] ..... 486856.151088: sys_enter: NR 22 (7, 5587952a70, 42, ffffffffffffffff, 0, 8)
 systemd-journal-286     [002] ..... 486856.151092: sys_exit: NR 22 = 1
 systemd-journal-286     [002] ..... 486856.151103: sys_enter: NR 63 (8, 7ff7676260, 2000, 0, 0, 0)
 systemd-journal-286     [002] ..... 486856.151110: sys_exit: NR 63 = 50
              ls-16354   [001] ..... 486856.151162: sys_enter: NR 226 (7fbb8ff000, 1000, 1, 4f428, 1, 7ffd69ffe0)
 systemd-journal-286     [002] ..... 486856.151167: sys_enter: NR 178 (7f92898db0, 6e5cbdfa255d2a0, 7f928646a0, 0, 431bde82d7b634db, 69005487)
 systemd-journal-286     [002] ..... 486856.151169: sys_exit: NR 178 = 286
 systemd-journal-286     [002] ..... 486856.151174: sys_enter: NR 22 (7, 5587952a70, 42, ffffffffffffffff, 0, 8)
 systemd-journal-286     [002] ..... 486856.151178: sys_exit: NR 22 = 1
 systemd-journal-286     [002] ..... 486856.151189: sys_enter: NR 63 (8, 7ff7676260, 2000, 0, 0, 0)
              ls-16354   [001] ..... 486856.151195: sys_exit: NR 226 = 0
 systemd-journal-286     [002] ..... 486856.151196: sys_exit: NR 63 = 50
 systemd-journal-286     [002] ..... 486856.151253: sys_enter: NR 178 (7f92898db0, 6e5cbdfa255d2a0, 7f928646a0, 0, 431bde82d7b634db, 69005487)
 systemd-journal-286     [002] ..... 486856.151255: sys_exit: NR 178 = 286
 systemd-journal-286     [002] ..... 486856.151260: sys_enter: NR 22 (7, 5587952a70, 42, ffffffffffffffff, 0, 8)
              ls-16354   [001] ..... 486856.151348: sys_enter: NR 226 (555fc9e000, 2000, 1, 3ef20, 1, 7ffd69ffe0)
              ls-16354   [001] ..... 486856.151363: sys_exit: NR 226 = 0
              ls-16354   [001] ..... 486856.151384: sys_enter: NR 226 (7fbb94c000, 2000, 1, 3e898, 3, 6)
              ls-16354   [001] ..... 486856.151398: sys_exit: NR 226 = 0
              ls-16354   [001] ..... 486856.151457: sys_enter: NR 261 (0, 3, 0, 7ffd69ffe8, 7fbb80b240, 118)
              ls-16354   [001] ..... 486856.151462: sys_exit: NR 261 = 0
              ls-16354   [001] ..... 486856.151540: sys_enter: NR 215 (7fbb940000, 5568, 7fbb94e000, 0, 0, 7fbb94a800)
              ls-16354   [001] ..... 486856.151575: sys_exit: NR 215 = 0
              ls-16354   [001] ..... 486856.151599: sys_enter: NR 167 (17, 20, 0, 7fbb882e40, 2908, bffffff)
              ls-16354   [001] ..... 486856.151603: sys_exit: NR 167 = 1
              ls-16354   [001] ..... 486856.151605: sys_enter: NR 167 (17, 30, 0, 7fbb882e40, 2908, bffffff)
              ls-16354   [001] ..... 486856.151607: sys_exit: NR 167 = -22
              ls-16354   [001] ..... 486856.151609: sys_enter: NR 167 (17, 28, 0, 7fbb93eb80, 2908, bffffff)
              ls-16354   [001] ..... 486856.151611: sys_exit: NR 167 = 1
              ls-16354   [001] ..... 486856.151613: sys_enter: NR 167 (17, 2c, 0, 7fbb93eb80, 2908, bffffff)
              ls-16354   [001] ..... 486856.151614: sys_exit: NR 167 = -22
              ls-16354   [001] ..... 486856.151617: sys_enter: NR 167 (17, 2a, 0, 7fbb93eb80, 2908, bffffff)
              ls-16354   [001] ..... 486856.151618: sys_exit: NR 167 = -22
              ls-16354   [001] ..... 486856.151620: sys_enter: NR 167 (17, 29, 0, 7fbb93eb80, 2908, bffffff)
              ls-16354   [001] ..... 486856.151622: sys_exit: NR 167 = -22
              ls-16354   [001] ..... 486856.151663: sys_enter: NR 43 (7fbb8d7a48, 7ffd6a02e0, 0, 0, 6b90, bffffff)
              ls-16354   [001] ..... 486856.151710: sys_exit: NR 43 = -2
              ls-16354   [001] ..... 486856.151714: sys_enter: NR 43 (7fbb8d7a58, 7ffd6a02e0, 0, 2, 6b90, bffffff)
              ls-16354   [001] ..... 486856.151718: sys_exit: NR 43 = -2
              ls-16354   [001] ..... 486856.151753: sys_enter: NR 278 (7fbb876768, 8, 1, 1, 6b90, bffffff)
              ls-16354   [001] ..... 486856.151761: sys_exit: NR 278 = 8
              ls-16354   [001] ..... 486856.151773: sys_enter: NR 214 (0, 0, 202b0, 7fbb94db28, 0, 0)
              ls-16354   [001] ..... 486856.151775: sys_exit: NR 214 = 367411650560
              ls-16354   [001] ..... 486856.151779: sys_enter: NR 214 (558b72f000, 558b72f000, 7fbb877320, 7fbb94db28, 0, 0)
              ls-16354   [001] ..... 486856.151813: sys_exit: NR 214 = 367411785728
              ls-16354   [001] ..... 486856.151882: sys_enter: NR 56 (ffffffffffffff9c, 7fbb8d7a20, 80000, 0, 0, 0)
              ls-16354   [001] ..... 486856.151912: sys_exit: NR 56 = 3
              ls-16354   [001] ..... 486856.151940: sys_enter: NR 80 (3, 7ffd6a0198, 7fbb73e1ac, 0, 558b70e4f0, 80)
              ls-16354   [001] ..... 486856.151945: sys_exit: NR 80 = 0
              ls-16354   [001] ..... 486856.151950: sys_enter: NR 63 (3, 558b70e500, 400, 0, 0, 0)
              ls-16354   [001] ..... 486856.152001: sys_exit: NR 63 = 401
              ls-16354   [001] ..... 486856.152017: sys_enter: NR 63 (3, 558b70e500, 400, 0, 0, 0)
              ls-16354   [001] ..... 486856.152019: sys_exit: NR 63 = 0
              ls-16354   [001] ..... 486856.152026: sys_enter: NR 57 (3, 7fbb73e200, 808, 7, 0, 0)
              ls-16354   [001] ..... 486856.152035: sys_exit: NR 57 = 0
              ls-16354   [001] ..... 486856.152040: sys_enter: NR 48 (ffffffffffffff9c, 7fbb8d7a88, 0, 7, fbada419, 0)
              ls-16354   [001] ..... 486856.152053: sys_exit: NR 48 = -2
              ls-16354   [001] ..... 486856.152118: sys_enter: NR 56 (ffffffffffffff9c, 7fbb829c40, 80000, 0, 0, 7ffd69fecb)
              ls-16354   [001] ..... 486856.152136: sys_exit: NR 56 = 3
              ls-16354   [001] ..... 486856.152139: sys_enter: NR 80 (3, 7fbb871720, 0, 0, 0, 7ffd69fecb)
              ls-16354   [001] ..... 486856.152143: sys_exit: NR 80 = 0
              ls-16354   [001] ..... 486856.152146: sys_enter: NR 222 (0, 2ebd20, 1, 2, 3, 0)
              ls-16354   [001] ..... 486856.152201: sys_exit: NR 222 = 548601413632
              ls-16354   [001] ..... 486856.152230: sys_enter: NR 57 (3, b, 4874, 2ac7, 4874, 0)
              ls-16354   [001] ..... 486856.152232: sys_exit: NR 57 = 0
              ls-16354   [001] ..... 486856.152439: sys_enter: NR 29 (1, 5401, 7ffd6a0180, 7ffd6a01c8, 7fbb94db28, 8080808080000000)
              ls-16354   [001] ..... 486856.152449: sys_exit: NR 29 = 0
              ls-16354   [001] ..... 486856.152458: sys_enter: NR 29 (1, 5413, 7ffd6a0290, 8, 1557f1fe6e0, 0)
              ls-16354   [001] ..... 486856.152460: sys_exit: NR 29 = 0
              ls-16354   [001] ..... 486856.153084: sys_enter: NR 56 (ffffffffffffff9c, 558b717110, 84800, 0, 4000, 558b717112)
              ls-16354   [001] ..... 486856.153099: sys_exit: NR 56 = 3
              ls-16354   [001] ..... 486856.153103: sys_enter: NR 80 (3, 7ffd69fdf8, 0, 0, 4000, 558b717112)
              ls-16354   [001] ..... 486856.153106: sys_exit: NR 80 = 0
              ls-16354   [001] ..... 486856.153120: sys_enter: NR 61 (3, 558b717160, 8000, 7fffffff, 558b71f160, 0)
              ls-16354   [001] ..... 486856.153164: sys_exit: NR 61 = 232
              ls-16354   [001] ..... 486856.153178: sys_enter: NR 291 (ffffffffffffff9c, 7ffd69fa90, 900, 2, 7ffd69f958, 7fbb94db28)
              ls-16354   [001] ..... 486856.153190: sys_exit: NR 291 = 0
              ls-16354   [001] ..... 486856.153199: sys_enter: NR 291 (ffffffffffffff9c, 7ffd69fa90, 900, 2, 7ffd69f958, 7fbb94db28)
              ls-16354   [001] ..... 486856.153206: sys_exit: NR 291 = 0
              ls-16354   [001] ..... 486856.153211: sys_enter: NR 291 (ffffffffffffff9c, 7ffd69fa90, 900, 2, 7ffd69f958, 7fbb94db28)
              ls-16354   [001] ..... 486856.153217: sys_exit: NR 291 = 0
              ls-16354   [001] ..... 486856.153222: sys_enter: NR 291 (ffffffffffffff9c, 7ffd69fa90, 900, 2, 7ffd69f958, 7fbb94db28)
              ls-16354   [001] ..... 486856.153228: sys_exit: NR 291 = 0
              ls-16354   [001] ..... 486856.153233: sys_enter: NR 291 (ffffffffffffff9c, 7ffd69fa90, 900, 2, 7ffd69f958, 7fbb94db28)
              ls-16354   [001] ..... 486856.153238: sys_exit: NR 291 = 0
              ls-16354   [001] ..... 486856.153243: sys_enter: NR 291 (ffffffffffffff9c, 7ffd69fa90, 900, 2, 7ffd69f958, 7fbb94db28)
              ls-16354   [001] ..... 486856.153248: sys_exit: NR 291 = 0
              ls-16354   [001] ..... 486856.153252: sys_enter: NR 61 (3, 558b717160, 8000, 7fffffff, 558b717243, 558b71f218)
              ls-16354   [001] ..... 486856.153254: sys_exit: NR 61 = 0
              ls-16354   [001] ..... 486856.153260: sys_enter: NR 57 (3, ffff, 7fbb870aa0, 8041, 20, 558b71f218)
              ls-16354   [001] ..... 486856.153269: sys_exit: NR 57 = 0
              ls-16354   [001] ..... 486856.153318: sys_enter: NR 29 (1, 540f, 7ffd69dce4, 7fbb94db28, 0, 8080808080808080)
              ls-16354   [001] ..... 486856.153323: sys_exit: NR 29 = 0
              ls-16354   [001] ..... 486856.153327: sys_enter: NR 134 (14, 0, 7ffd69dc50, 8, 7ffd69dd00, 0)
              ls-16354   [001] ..... 486856.153330: sys_exit: NR 134 = 0
              ls-16354   [001] ..... 486856.153333: sys_enter: NR 134 (e, 0, 7ffd69dc50, 8, 7ffd69dd00, 0)
              ls-16354   [001] ..... 486856.153335: sys_exit: NR 134 = 0
              ls-16354   [001] ..... 486856.153337: sys_enter: NR 134 (1, 0, 7ffd69dc50, 8, 7ffd69dd00, 0)
              ls-16354   [001] ..... 486856.153339: sys_exit: NR 134 = 0
              ls-16354   [001] ..... 486856.153341: sys_enter: NR 134 (2, 0, 7ffd69dc50, 8, 7ffd69dd00, 0)
              ls-16354   [001] ..... 486856.153343: sys_exit: NR 134 = 0
              ls-16354   [001] ..... 486856.153345: sys_enter: NR 134 (d, 0, 7ffd69dc50, 8, 7ffd69dd00, 0)
              ls-16354   [001] ..... 486856.153347: sys_exit: NR 134 = 0
              ls-16354   [001] ..... 486856.153349: sys_enter: NR 134 (3, 0, 7ffd69dc50, 8, 7ffd69dd00, 0)
              ls-16354   [001] ..... 486856.153351: sys_exit: NR 134 = 0
              ls-16354   [001] ..... 486856.153353: sys_enter: NR 134 (f, 0, 7ffd69dc50, 8, 7ffd69dd00, 0)
              ls-16354   [001] ..... 486856.153355: sys_exit: NR 134 = 0
              ls-16354   [001] ..... 486856.153357: sys_enter: NR 134 (1d, 0, 7ffd69dc50, 8, 7ffd69dd00, 0)
              ls-16354   [001] ..... 486856.153359: sys_exit: NR 134 = 0
              ls-16354   [001] ..... 486856.153361: sys_enter: NR 134 (1b, 0, 7ffd69dc50, 8, 7ffd69dd00, 0)
              ls-16354   [001] ..... 486856.153363: sys_exit: NR 134 = 0
              ls-16354   [001] ..... 486856.153365: sys_enter: NR 134 (1a, 0, 7ffd69dc50, 8, 7ffd69dd00, 0)
              ls-16354   [001] ..... 486856.153367: sys_exit: NR 134 = 0
              ls-16354   [001] ..... 486856.153369: sys_enter: NR 134 (18, 0, 7ffd69dc50, 8, 7ffd69dd00, 0)
              ls-16354   [001] ..... 486856.153371: sys_exit: NR 134 = 0
              ls-16354   [001] ..... 486856.153373: sys_enter: NR 134 (19, 0, 7ffd69dc50, 8, 7ffd69dd00, 0)
              ls-16354   [001] ..... 486856.153375: sys_exit: NR 134 = 0
              ls-16354   [001] ..... 486856.153378: sys_enter: NR 134 (14, 7ffd69dbb8, 0, 8, 0, 10000000)
              ls-16354   [001] ..... 486856.153380: sys_exit: NR 134 = 0
              ls-16354   [001] ..... 486856.153382: sys_enter: NR 134 (e, 7ffd69dbb8, 0, 8, 0, 10000000)
              ls-16354   [001] ..... 486856.153384: sys_exit: NR 134 = 0
              ls-16354   [001] ..... 486856.153386: sys_enter: NR 134 (1, 7ffd69dbb8, 0, 8, 0, 10000000)
              ls-16354   [001] ..... 486856.153388: sys_exit: NR 134 = 0
              ls-16354   [001] ..... 486856.153390: sys_enter: NR 134 (2, 7ffd69dbb8, 0, 8, 0, 10000000)
              ls-16354   [001] ..... 486856.153392: sys_exit: NR 134 = 0
              ls-16354   [001] ..... 486856.153394: sys_enter: NR 134 (d, 7ffd69dbb8, 0, 8, 0, 10000000)
              ls-16354   [001] ..... 486856.153396: sys_exit: NR 134 = 0
              ls-16354   [001] ..... 486856.153400: sys_enter: NR 134 (3, 7ffd69dbb8, 0, 8, 0, 10000000)
              ls-16354   [001] ..... 486856.153402: sys_exit: NR 134 = 0
              ls-16354   [001] ..... 486856.153404: sys_enter: NR 134 (f, 7ffd69dbb8, 0, 8, 0, 10000000)
              ls-16354   [001] ..... 486856.153406: sys_exit: NR 134 = 0
              ls-16354   [001] ..... 486856.153408: sys_enter: NR 134 (1d, 7ffd69dbb8, 0, 8, 0, 10000000)
              ls-16354   [001] ..... 486856.153410: sys_exit: NR 134 = 0
              ls-16354   [001] ..... 486856.153412: sys_enter: NR 134 (1b, 7ffd69dbb8, 0, 8, 0, 10000000)
              ls-16354   [001] ..... 486856.153414: sys_exit: NR 134 = 0
              ls-16354   [001] ..... 486856.153416: sys_enter: NR 134 (1a, 7ffd69dbb8, 0, 8, 0, 10000000)
              ls-16354   [001] ..... 486856.153418: sys_exit: NR 134 = 0
              ls-16354   [001] ..... 486856.153420: sys_enter: NR 134 (18, 7ffd69dbb8, 0, 8, 0, 10000000)
              ls-16354   [001] ..... 486856.153490: sys_exit: NR 134 = 0
              ls-16354   [001] ..... 486856.153494: sys_enter: NR 134 (19, 7ffd69dbb8, 0, 8, 0, 10000000)
 systemd-journal-286     [002] ..... 486856.153495: sys_exit: NR 22 = 1
              ls-16354   [001] ..... 486856.153496: sys_exit: NR 134 = 0
              ls-16354   [001] ..... 486856.153501: sys_enter: NR 80 (1, 7ffd69db68, 7fbb73e1ac, fbad2084, 7fbb73e2c0, 10000000)
              ls-16354   [001] ..... 486856.153505: sys_exit: NR 80 = 0
 systemd-journal-286     [002] ..... 486856.153520: sys_enter: NR 63 (8, 7ff7676260, 2000, 0, 0, 0)
              ls-16354   [001] ..... 486856.153531: sys_enter: NR 64 (1, 558b70e500, 73, 0, 0, 0)
 systemd-journal-286     [002] ..... 486856.153533: sys_exit: NR 63 = 50
              ls-16354   [001] ..... 486856.153637: sys_exit: NR 64 = 115
              ls-16354   [001] ..... 486856.153646: sys_enter: NR 134 (14, 7ffd69ffa8, 7ffd6a0040, 8, 7ffd6a0190, 10000000)
              ls-16354   [001] ..... 486856.153649: sys_exit: NR 134 = 0
              ls-16354   [001] ..... 486856.153651: sys_enter: NR 134 (e, 7ffd69ffa8, 7ffd6a0040, 8, 7ffd6a0190, 10000000)
 systemd-journal-286     [002] ..... 486856.153652: sys_enter: NR 178 (7f92898db0, 6e5cbdfa255d2a0, 7f928646a0, 0, 431bde82d7b634db, 69005487)
              ls-16354   [001] ..... 486856.153653: sys_exit: NR 134 = 0
 systemd-journal-286     [002] ..... 486856.153655: sys_exit: NR 178 = 286
              ls-16354   [001] ..... 486856.153656: sys_enter: NR 134 (1, 7ffd69ffa8, 7ffd6a0040, 8, 7ffd6a0190, 10000000)
              ls-16354   [001] ..... 486856.153657: sys_exit: NR 134 = 0
              ls-16354   [001] ..... 486856.153660: sys_enter: NR 134 (2, 7ffd69ffa8, 7ffd6a0040, 8, 7ffd6a0190, 10000000)
              ls-16354   [001] ..... 486856.153661: sys_exit: NR 134 = 0
 systemd-journal-286     [002] ..... 486856.153662: sys_enter: NR 22 (7, 5587952a70, 42, ffffffffffffffff, 0, 8)
              ls-16354   [001] ..... 486856.153664: sys_enter: NR 134 (d, 7ffd69ffa8, 7ffd6a0040, 8, 7ffd6a0190, 10000000)
              ls-16354   [001] ..... 486856.153665: sys_exit: NR 134 = 0
 systemd-journal-286     [002] ..... 486856.153667: sys_exit: NR 22 = 1
              ls-16354   [001] ..... 486856.153668: sys_enter: NR 134 (3, 7ffd69ffa8, 7ffd6a0040, 8, 7ffd6a0190, 10000000)
              ls-16354   [001] ..... 486856.153669: sys_exit: NR 134 = 0
              ls-16354   [001] ..... 486856.153672: sys_enter: NR 134 (f, 7ffd69ffa8, 7ffd6a0040, 8, 7ffd6a0190, 10000000)
              ls-16354   [001] ..... 486856.153673: sys_exit: NR 134 = 0
              ls-16354   [001] ..... 486856.153676: sys_enter: NR 134 (1d, 7ffd69ffa8, 7ffd6a0040, 8, 7ffd6a0190, 10000000)
              ls-16354   [001] ..... 486856.153677: sys_exit: NR 134 = 0
 systemd-journal-286     [002] ..... 486856.153679: sys_enter: NR 63 (8, 7ff7676260, 2000, 0, 0, 0)
              ls-16354   [001] ..... 486856.153680: sys_enter: NR 134 (1b, 7ffd69ffa8, 7ffd6a0040, 8, 7ffd6a0190, 10000000)
              ls-16354   [001] ..... 486856.153681: sys_exit: NR 134 = 0
              ls-16354   [001] ..... 486856.153684: sys_enter: NR 134 (1a, 7ffd69ffa8, 7ffd6a0040, 8, 7ffd6a0190, 10000000)
              ls-16354   [001] ..... 486856.153685: sys_exit: NR 134 = 0
 systemd-journal-286     [002] ..... 486856.153687: sys_exit: NR 63 = 50
              ls-16354   [001] ..... 486856.153688: sys_enter: NR 134 (18, 7ffd69ffa8, 7ffd6a0040, 8, 7ffd6a0190, 10000000)
              ls-16354   [001] ..... 486856.153689: sys_exit: NR 134 = 0
              ls-16354   [001] ..... 486856.153692: sys_enter: NR 134 (19, 7ffd69ffa8, 7ffd6a0040, 8, 7ffd6a0190, 10000000)
              ls-16354   [001] ..... 486856.153694: sys_exit: NR 134 = 0
              ls-16354   [001] ..... 486856.153705: sys_enter: NR 57 (1, 7fbb73e200, 0, 804, 0, 10000000)
              ls-16354   [001] ..... 486856.153708: sys_exit: NR 57 = 0
              ls-16354   [001] ..... 486856.153712: sys_enter: NR 57 (2, 7fbb73e200, 808, 804, fbad2a05, 10000000)
              ls-16354   [001] ..... 486856.153714: sys_exit: NR 57 = 0
 systemd-journal-286     [002] ..... 486856.153748: sys_enter: NR 178 (7f92898db0, 6e5cbdfa255d2a0, 7f928646a0, 0, 431bde82d7b634db, 69005487)
 systemd-journal-286     [002] ..... 486856.153750: sys_exit: NR 178 = 286
 systemd-journal-286     [002] ..... 486856.153754: sys_enter: NR 22 (7, 5587952a70, 42, ffffffffffffffff, 0, 8)
              ls-16354   [001] ..... 486856.153774: sys_enter: NR 94 (0, 0, 7fbb93eb80, 110, 0, 7ffd6a0208)
    sshd-session-15489   [002] ..... 486856.153797: sys_exit: NR 73 = 1
    sshd-session-15489   [002] ..... 486856.153811: sys_enter: NR 135 (2, 7fecdd6568, 0, 8, 0, 0)
    sshd-session-15489   [002] ..... 486856.153814: sys_exit: NR 135 = 0
    sshd-session-15489   [002] ..... 486856.153838: sys_enter: NR 63 (c, 55691be0d0, 8000, 0, 0, 0)
    sshd-session-15489   [002] ..... 486856.153851: sys_exit: NR 63 = 116
    sshd-session-15489   [002] ..... 486856.153910: sys_enter: NR 135 (0, 7fecdd64e8, 7fecdd6568, 8, 10000, 0)
    sshd-session-15489   [002] ..... 486856.153913: sys_exit: NR 135 = 0
    sshd-session-15489   [002] ..... 486856.153925: sys_enter: NR 73 (556914db00, 3, 0, 7fecdd6568, 8, 0)
    sshd-session-15489   [002] ..... 486856.153940: sys_exit: NR 73 = 1
    sshd-session-15489   [002] ..... 486856.153943: sys_enter: NR 135 (2, 7fecdd6568, 0, 8, 0, 0)
    sshd-session-15489   [002] ..... 486856.153945: sys_exit: NR 135 = 0
    sshd-session-15489   [002] ..... 486856.153960: sys_enter: NR 64 (7, 5569155cc0, 9c, 0, 0, 0)
    sshd-session-15489   [002] ..... 486856.154064: sys_exit: NR 64 = 156
    sshd-session-15489   [002] ..... 486856.154072: sys_enter: NR 135 (0, 7fecdd64e8, 7fecdd6568, 8, 10000, 0)
    sshd-session-15489   [002] ..... 486856.154074: sys_exit: NR 135 = 0
    sshd-session-15489   [002] ..... 486856.154081: sys_enter: NR 73 (556914db00, 3, 0, 7fecdd6568, 8, 0)
            bash-15508   [003] ..... 486856.154407: sys_exit: NR 260 = 16354
            bash-15508   [003] ..... 486856.154425: sys_enter: NR 135 (0, 7fda986308, 7fda986388, 8, 390000, 55b31a7230)
            bash-15508   [003] ..... 486856.154427: sys_exit: NR 135 = 0
            bash-15508   [003] ..... 486856.154430: sys_enter: NR 29 (ff, 5410, 7fda9862fc, 0, 390000, 55b31a7230)
            bash-15508   [003] ..... 486856.154437: sys_exit: NR 29 = 0
            bash-15508   [003] ..... 486856.154440: sys_enter: NR 135 (2, 7fda986388, 0, 8, 10000, 55b31a7230)
            bash-15508   [003] ..... 486856.154441: sys_exit: NR 135 = 0
            bash-15508   [003] ..... 486856.154445: sys_enter: NR 29 (ff, 5401, 7fda9863e0, 557b99a230, 7f9e46ab28, 55b31a7230)
            bash-15508   [003] ..... 486856.154450: sys_exit: NR 29 = 0
            bash-15508   [003] ..... 486856.154454: sys_enter: NR 29 (ff, 5413, 7fda9863f0, 7f9e46ab28, 557b99a241, 16)
            bash-15508   [003] ..... 486856.154456: sys_exit: NR 29 = 0
            bash-15508   [003] ..... 486856.154506: sys_enter: NR 135 (2, 7fda9864d8, 0, 8, 0, 0)
            bash-15508   [003] ..... 486856.154508: sys_exit: NR 135 = 0
            bash-15508   [003] ..... 486856.154543: sys_enter: NR 260 (ffffffffffffffff, 7fda9850a0, b, 0, 0, 0)
            bash-15508   [003] ..... 486856.154547: sys_exit: NR 260 = -10
            bash-15508   [003] ..... 486856.154550: sys_enter: NR 139 (ffffffff, 0, 0, a, 0, 557b99a160)
            bash-15508   [003] ..... 486856.154561: sys_exit: NR -1 = 0
            bash-15508   [003] ..... 486856.154598: sys_enter: NR 134 (2, 7fda986498, 7fda986530, 8, 7fda986680, 0)
            bash-15508   [003] ..... 486856.154601: sys_exit: NR 134 = 0
            bash-15508   [003] ..... 486856.154770: sys_enter: NR 135 (0, 7fda985558, 7fda9855d8, 8, 390000, 1325b0)
            bash-15508   [003] ..... 486856.154773: sys_exit: NR 135 = 0
            bash-15508   [003] ..... 486856.154775: sys_enter: NR 29 (ff, 5410, 7fda98554c, 0, 390000, 1325b0)
            bash-15508   [003] ..... 486856.154780: sys_exit: NR 29 = 0
